Archive member included to satisfy reference by file (symbol)

app/libapp.a(main.c.obj)      (--whole-archive)
zephyr/libzephyr.a(heap.c.obj)
                              (--whole-archive)
zephyr/libzephyr.a(cbprintf_packaged.c.obj)
                              (--whole-archive)
zephyr/libzephyr.a(printk.c.obj)
                              (--whole-archive)
zephyr/libzephyr.a(sem.c.obj)
                              (--whole-archive)
zephyr/libzephyr.a(thread_entry.c.obj)
                              (--whole-archive)
zephyr/libzephyr.a(cbprintf_complete.c.obj)
                              (--whole-archive)
zephyr/libzephyr.a(assert.c.obj)
                              (--whole-archive)
zephyr/libzephyr.a(mpsc_pbuf.c.obj)
                              (--whole-archive)
zephyr/libzephyr.a(dec.c.obj)
                              (--whole-archive)
zephyr/libzephyr.a(hex.c.obj)
                              (--whole-archive)
zephyr/libzephyr.a(rb.c.obj)  (--whole-archive)
zephyr/libzephyr.a(timeutil.c.obj)
                              (--whole-archive)
zephyr/libzephyr.a(bitarray.c.obj)
                              (--whole-archive)
zephyr/libzephyr.a(onoff.c.obj)
                              (--whole-archive)
zephyr/libzephyr.a(notify.c.obj)
                              (--whole-archive)
zephyr/libzephyr.a(ring_buffer.c.obj)
                              (--whole-archive)
zephyr/libzephyr.a(configs.c.obj)
                              (--whole-archive)
zephyr/libzephyr.a(log_core.c.obj)
                              (--whole-archive)
zephyr/libzephyr.a(log_mgmt.c.obj)
                              (--whole-archive)
zephyr/libzephyr.a(log_cache.c.obj)
                              (--whole-archive)
zephyr/libzephyr.a(log_msg.c.obj)
                              (--whole-archive)
zephyr/libzephyr.a(log_output.c.obj)
                              (--whole-archive)
zephyr/libzephyr.a(log_backend_uart.c.obj)
                              (--whole-archive)
zephyr/libzephyr.a(mem_attr.c.obj)
                              (--whole-archive)
zephyr/libzephyr.a(tracing_none.c.obj)
                              (--whole-archive)
zephyr/arch/common/libarch__common.a(sw_isr_common.c.obj)
                              (--whole-archive)
zephyr/arch/arch/arm/core/libarch__arm__core.a(fatal.c.obj)
                              (--whole-archive)
zephyr/arch/arch/arm/core/libarch__arm__core.a(nmi.c.obj)
                              (--whole-archive)
zephyr/arch/arch/arm/core/libarch__arm__core.a(nmi_on_reset.S.obj)
                              (--whole-archive)
zephyr/arch/arch/arm/core/libarch__arm__core.a(tls.c.obj)
                              (--whole-archive)
zephyr/arch/arch/arm/core/cortex_m/libarch__arm__core__cortex_m.a(exc_exit.c.obj)
                              (--whole-archive)
zephyr/arch/arch/arm/core/cortex_m/libarch__arm__core__cortex_m.a(fault.c.obj)
                              (--whole-archive)
zephyr/arch/arch/arm/core/cortex_m/libarch__arm__core__cortex_m.a(fault_s.S.obj)
                              (--whole-archive)
zephyr/arch/arch/arm/core/cortex_m/libarch__arm__core__cortex_m.a(fpu.c.obj)
                              (--whole-archive)
zephyr/arch/arch/arm/core/cortex_m/libarch__arm__core__cortex_m.a(reset.S.obj)
                              (--whole-archive)
zephyr/arch/arch/arm/core/cortex_m/libarch__arm__core__cortex_m.a(scb.c.obj)
                              (--whole-archive)
zephyr/arch/arch/arm/core/cortex_m/libarch__arm__core__cortex_m.a(thread_abort.c.obj)
                              (--whole-archive)
zephyr/arch/arch/arm/core/cortex_m/libarch__arm__core__cortex_m.a(vector_table.S.obj)
                              (--whole-archive)
zephyr/arch/arch/arm/core/cortex_m/libarch__arm__core__cortex_m.a(swap_helper.S.obj)
                              (--whole-archive)
zephyr/arch/arch/arm/core/cortex_m/libarch__arm__core__cortex_m.a(irq_manage.c.obj)
                              (--whole-archive)
zephyr/arch/arch/arm/core/cortex_m/libarch__arm__core__cortex_m.a(prep_c.c.obj)
                              (--whole-archive)
zephyr/arch/arch/arm/core/cortex_m/libarch__arm__core__cortex_m.a(thread.c.obj)
                              (--whole-archive)
zephyr/arch/arch/arm/core/cortex_m/libarch__arm__core__cortex_m.a(cpu_idle.c.obj)
                              (--whole-archive)
zephyr/arch/arch/arm/core/cortex_m/libarch__arm__core__cortex_m.a(irq_init.c.obj)
                              (--whole-archive)
zephyr/arch/arch/arm/core/cortex_m/libarch__arm__core__cortex_m.a(isr_wrapper.c.obj)
                              (--whole-archive)
zephyr/arch/arch/arm/core/cortex_m/libarch__arm__core__cortex_m.a(__aeabi_read_tp.S.obj)
                              (--whole-archive)
zephyr/arch/arch/arm/core/cortex_m/cmse/libarch__arm__core__cortex_m__cmse.a(arm_core_cmse.c.obj)
                              (--whole-archive)
[...]
Memory Configuration

Name             Origin             Length             Attributes
FLASH            0x0000000001000000 0x0000000000040000 xr
RAM              0x0000000021000000 0x0000000000010000 xw
SRAM1            0x0000000021000000 0x0000000000010000 rw
IDT_LIST         0x00000000ffff7fff 0x0000000000008000 xw
*default*        0x0000000000000000 0xffffffffffffffff

Linker script and memory map

                0x0000000001020dd4                vfprintf = __l_vfprintf
                0x0000000000000000                vfscanf = __l_vfscanf
LOAD zephyr/CMakeFiles/zephyr_pre0.dir/misc/empty_file.c.obj
LOAD zephyr/CMakeFiles/offsets.dir/./arch/arm/core/offsets/offsets.c.obj
LOAD app/libapp.a
LOAD zephyr/libzephyr.a
LOAD zephyr/arch/common/libarch__common.a
LOAD zephyr/arch/arch/arm/core/libarch__arm__core.a
LOAD zephyr/arch/arch/arm/core/cortex_m/libarch__arm__core__cortex_m.a
LOAD zephyr/arch/arch/arm/core/cortex_m/cmse/libarch__arm__core__cortex_m__cmse.a
LOAD zephyr/arch/arch/arm/core/mpu/libarch__arm__core__mpu.a
LOAD zephyr/lib/libc/picolibc/liblib__libc__picolibc.a
LOAD zephyr/lib/libc/common/liblib__libc__common.a
LOAD zephyr/lib/net_buf/liblib__net_buf.a
LOAD zephyr/soc/soc/nrf5340/libsoc__nordic.a
LOAD zephyr/subsys/random/libsubsys__random.a
LOAD zephyr/subsys/bluetooth/common/libsubsys__bluetooth__common.a
LOAD zephyr/subsys/bluetooth/host/libsubsys__bluetooth__host.a
LOAD zephyr/subsys/bluetooth/controller/libsubsys__bluetooth__controller.a
LOAD zephyr/subsys/bluetooth/controller/ll_sw/nordic/libsubsys__bluetooth__controller__ll_sw__nordic.a
LOAD zephyr/drivers/clock_control/libdrivers__clock_control.a
LOAD zephyr/drivers/console/libdrivers__console.a
LOAD zephyr/drivers/entropy/libdrivers__entropy.a
LOAD zephyr/drivers/gpio/libdrivers__gpio.a
LOAD zephyr/drivers/mbox/libdrivers__mbox.a
LOAD zephyr/drivers/pinctrl/libdrivers__pinctrl.a
LOAD zephyr/drivers/serial/libdrivers__serial.a
LOAD zephyr/drivers/timer/libdrivers__timer.a
LOAD modules/hal_nordic/nrfx/libmodules__hal_nordic__nrfx.a
LOAD zephyr/kernel/libkernel.a
LOAD zephyr/arch/common/libisr_tables.a
LOAD /Users/pelli/zephyr-sdk-0.17.0/arm-zephyr-eabi/bin/../lib/gcc/../../picolibc/arm-zephyr-eabi/lib/thumb/v8-m.main/nofp/libc.a
LOAD /Users/pelli/zephyr-sdk-0.17.0/arm-zephyr-eabi/bin/../lib/gcc/arm-zephyr-eabi/12.2.0/thumb/v8-m.main/nofp/libgcc.a
                0x0000000000000020                _region_min_align = 0x20

.rel.plt        0x0000000001000000        0x0
 *(SORT_BY_ALIGNMENT(.rel.plt))
                [!provide]                        PROVIDE (__rel_iplt_start = .)
 *(SORT_BY_ALIGNMENT(.rel.iplt))
 .rel.iplt      0x0000000001000000        0x0 app/libapp.a(main.c.obj)
                [!provide]                        PROVIDE (__rel_iplt_end = .)

.rela.plt       0x0000000000000000        0x0
 *(SORT_BY_ALIGNMENT(.rela.plt))
                [!provide]                        PROVIDE (__rela_iplt_start = .)
 *(SORT_BY_ALIGNMENT(.rela.iplt))
                [!provide]                        PROVIDE (__rela_iplt_end = .)

.rel.dyn
 *(SORT_BY_ALIGNMENT(.rel.*))

.rela.dyn
 *(SORT_BY_ALIGNMENT(.rela.*))

/DISCARD/
 *(SORT_BY_ALIGNMENT(.plt))

/DISCARD/
 *(SORT_BY_ALIGNMENT(.iplt))
                0x0000000001000000                __rom_region_start = 0x1000000

rom_start       0x0000000001000000       0xb8
                0x0000000001000000                __rom_start_address = .
 FILL mask 0x00
                0x0000000001000000                . = (. + (0x0 - (. - __rom_start_address)))
                0x0000000001000000                . = ALIGN (0x4)
                0x0000000001000000                . = ALIGN (0x80)
                0x0000000001000000                . = ALIGN (0x100)
                0x0000000001000000                _vector_start = .
 *(SORT_BY_ALIGNMENT(.exc_vector_table))
 *(SORT_BY_ALIGNMENT(.exc_vector_table.*))
 .exc_vector_table._vector_table_section
                0x0000000001000000       0x40 zephyr/arch/arch/arm/core/cortex_m/libarch__arm__core__cortex_m.a(vector_table.S.obj)
                0x0000000001000000                _vector_table
 *(SORT_BY_ALIGNMENT(.vectors))
                0x00000000010000b8                _vector_end = .
                0x0000000001000040                . = ALIGN (0x4)
 *(SORT_BY_ALIGNMENT(.gnu.linkonce.irq_vector_table*))
 .gnu.linkonce.irq_vector_table
                0x0000000001000040       0x78 zephyr/arch/common/libisr_tables.a(isr_tables.c.obj)
                0x0000000001000040                _irq_vector_table
                0x00000000010000b8                _vector_end = .

text            0x00000000010000b8    0x240c0
                0x00000000010000b8                __text_region_start = .
 *(SORT_BY_ALIGNMENT(.text))
 .text          0x00000000010000b8       0x30 /Users/pelli/zephyr-sdk-0.17.0/arm-zephyr-eabi/bin/../lib/gcc/arm-zephyr-eabi/12.2.0/thumb/v8-m.main/nofp/libgcc.a(_aeabi_uldivmod.o)
                0x00000000010000b8                __aeabi_uldivmod
 .text          0x00000000010000e8        0x4 /Users/pelli/zephyr-sdk-0.17.0/arm-zephyr-eabi/bin/../lib/gcc/arm-zephyr-eabi/12.2.0/thumb/v8-m.main/nofp/libgcc.a(_dvmd_tls.o)
                0x00000000010000e8                __aeabi_ldiv0
                0x00000000010000e8                __aeabi_idiv0
 .text          0x00000000010000ec       0x10 /Users/pelli/zephyr-sdk-0.17.0/arm-zephyr-eabi/bin/../lib/gcc/../../picolibc/arm-zephyr-eabi/lib/thumb/v8-m.main/nofp/libc.a(strcpy.S.o)
                0x00000000010000ec                strcpy
 .text          0x00000000010000fc       0x10 /Users/pelli/zephyr-sdk-0.17.0/arm-zephyr-eabi/bin/../lib/gcc/../../picolibc/arm-zephyr-eabi/lib/thumb/v8-m.main/nofp/libc.a(strlen.S.o)
                0x00000000010000fc                strlen
 .text          0x000000000100010c      0x29c /Users/pelli/zephyr-sdk-0.17.0/arm-zephyr-eabi/bin/../lib/gcc/arm-zephyr-eabi/12.2.0/thumb/v8-m.main/nofp/libgcc.a(_udivmoddi4.o)
                0x000000000100010c                __udivmoddi4
 *(SORT_BY_ALIGNMENT(.text.*))
 .text.ull_drift_ticks_get
                0x00000000010003a8       0x98 zephyr/subsys/bluetooth/controller/libsubsys__bluetooth__controller.a(ull.c.obj)
                0x00000000010003a8                ull_drift_ticks_get
 .text.ll_adv_enable
                0x0000000001000440      0x348 zephyr/subsys/bluetooth/controller/libsubsys__bluetooth__controller.a(ull_adv.c.obj)
                0x0000000001000440                ll_adv_enable
 .text.ull_adv_time_update
                0x0000000001000788       0xbc zephyr/subsys/bluetooth/controller/libsubsys__bluetooth__controller.a(ull_adv.c.obj)
                0x0000000001000788                ull_adv_time_update
 *fill*         0x0000000001000844        0x4 
 .text.ll_scan_params_set
                0x0000000001000848       0x78 zephyr/subsys/bluetooth/controller/libsubsys__bluetooth__controller.a(ull_scan.c.obj)
                0x0000000001000848                ll_scan_params_set
 .text.ull_scan_params_set
                0x00000000010008c0       0x54 zephyr/subsys/bluetooth/controller/libsubsys__bluetooth__controller.a(ull_scan.c.obj)
                0x00000000010008c0                ull_scan_params_set
 *fill*         0x0000000001000914        0x4 
 .text.ull_scan_enable
                0x0000000001000918      0x184 zephyr/subsys/bluetooth/controller/libsubsys__bluetooth__controller.a(ull_scan.c.obj)
                0x0000000001000918                ull_scan_enable
 *fill*         0x0000000001000a9c        0x4 
 .text.ull_conn_update_ticker.constprop.0
                0x0000000001000aa0      0x148 zephyr/subsys/bluetooth/controller/libsubsys__bluetooth__controller.a(ull_conn.c.obj)
 .text.ull_conn_done
                0x0000000001000be8      0x420 zephyr/subsys/bluetooth/controller/libsubsys__bluetooth__controller.a(ull_conn.c.obj)
                0x0000000001000be8                ull_conn_done
 .text.ull_conn_update_parameters
                0x0000000001001008      0x2d4 zephyr/subsys/bluetooth/controller/libsubsys__bluetooth__controller.a(ull_conn.c.obj)
                0x0000000001001008                ull_conn_update_parameters
 *fill*         0x00000000010012dc        0x4 
 .text.ull_periph_setup
                0x00000000010012e0      0x440 zephyr/subsys/bluetooth/controller/libsubsys__bluetooth__controller.a(ull_peripheral.c.obj)
                0x00000000010012e0                ull_periph_setup
 .text.ll_create_connection
                0x0000000001001720      0x374 zephyr/subsys/bluetooth/controller/libsubsys__bluetooth__controller.a(ull_central.c.obj)
                0x0000000001001720                ll_create_connection
 *fill*         0x0000000001001a94        0x4 
 .text.ull_central_setup
                0x0000000001001a98      0x264 zephyr/subsys/bluetooth/controller/libsubsys__bluetooth__controller.a(ull_central.c.obj)
                0x0000000001001a98                ull_central_setup
 *fill*         0x0000000001001cfc        0x4 
 .text.ull_hdr_get_cb
                0x0000000001001d00       0x68 zephyr/subsys/bluetooth/controller/libsubsys__bluetooth__controller.a(ull_sched.c.obj)
 .text.ull_sched_after_cen_slot_get
                0x0000000001001d68      0x1b4 zephyr/subsys/bluetooth/controller/libsubsys__bluetooth__controller.a(ull_sched.c.obj)
                0x0000000001001d68                ull_sched_after_cen_slot_get
 *fill*         0x0000000001001f1c        0x4 
 .text.ull_sched_mfy_after_cen_offset_get
                0x0000000001001f20      0x10c zephyr/subsys/bluetooth/controller/libsubsys__bluetooth__controller.a(ull_sched.c.obj)
                0x0000000001001f20                ull_sched_mfy_after_cen_offset_get
 *fill*         0x000000000100202c        0x4 
 .text.prepare_cb
                0x0000000001002030      0x154 zephyr/subsys/bluetooth/controller/ll_sw/nordic/libsubsys__bluetooth__controller__ll_sw__nordic.a(lll_adv.c.obj)
 *fill*         0x0000000001002184        0x4 
 .text.common_prepare_cb
                0x0000000001002188      0x278 zephyr/subsys/bluetooth/controller/ll_sw/nordic/libsubsys__bluetooth__controller__ll_sw__nordic.a(lll_scan.c.obj)
 .text.isr_window
                0x0000000001002400       0x9c zephyr/subsys/bluetooth/controller/ll_sw/nordic/libsubsys__bluetooth__controller__ll_sw__nordic.a(lll_scan.c.obj)
 *fill*         0x000000000100249c        0x4 
 .text.isr_rx   0x00000000010024a0      0x4d4 zephyr/subsys/bluetooth/controller/ll_sw/nordic/libsubsys__bluetooth__controller__ll_sw__nordic.a(lll_scan.c.obj)
 *fill*         0x0000000001002974        0x4 
 .text.prepare_cb
                0x0000000001002978      0x260 zephyr/subsys/bluetooth/controller/ll_sw/nordic/libsubsys__bluetooth__controller__ll_sw__nordic.a(lll_peripheral.c.obj)
 .text.prepare_cb
                0x0000000001002bd8      0x1c0 zephyr/subsys/bluetooth/controller/ll_sw/nordic/libsubsys__bluetooth__controller__ll_sw__nordic.a(lll_central.c.obj)
 .text.main     0x0000000001002d98       0x70 app/libapp.a(main.c.obj)
                0x0000000001002d98                main
 .text.cbvprintf_package
                0x0000000001002e08      0x3a4 zephyr/libzephyr.a(cbprintf_packaged.c.obj)
                0x0000000001002e08                cbvprintf_package
 .text.cbprintf_package_convert
                0x00000000010031ac      0x3d0 zephyr/libzephyr.a(cbprintf_packaged.c.obj)
                0x00000000010031ac                cbprintf_package_convert
 .text.__printk_hook_install
                0x000000000100357c        0xc zephyr/libzephyr.a(printk.c.obj)
                0x000000000100357c                __printk_hook_install
 .text.z_thread_entry
                0x0000000001003588       0x34 zephyr/libzephyr.a(thread_entry.c.obj)
                0x0000000001003588                z_thread_entry
 .text.process_event
                0x00000000010035bc      0x21c zephyr/libzephyr.a(onoff.c.obj)
 .text.activate_foreach_backend
                0x00000000010037d8       0x64 zephyr/libzephyr.a(log_core.c.obj)
 .text.enable_logger
                0x000000000100383c       0x5c zephyr/libzephyr.a(log_core.c.obj)
 .text.log_process_thread_timer_expiry_fn
                0x0000000001003898        0xc zephyr/libzephyr.a(log_core.c.obj)
 .text.z_log_init
                0x00000000010038a4       0xa4 zephyr/libzephyr.a(log_core.c.obj)
 .text.log_format_func_t_get
                0x0000000001003948        0xc zephyr/libzephyr.a(log_core.c.obj)
                0x0000000001003948                log_format_func_t_get
 .text.log_set_timestamp_func
                0x0000000001003954       0x20 zephyr/libzephyr.a(log_core.c.obj)
                0x0000000001003954                log_set_timestamp_func
 .text.z_log_notify_backend_enabled
                0x0000000001003974       0x1c zephyr/libzephyr.a(log_core.c.obj)
                0x0000000001003974                z_log_notify_backend_enabled
 .text.z_log_dropped
                0x0000000001003990       0x3c zephyr/libzephyr.a(log_core.c.obj)
                0x0000000001003990                z_log_dropped
 .text.z_log_dropped_read_and_clear
                0x00000000010039cc       0x18 zephyr/libzephyr.a(log_core.c.obj)
                0x00000000010039cc                z_log_dropped_read_and_clear
 .text.dropped_notify
                0x00000000010039e4       0x30 zephyr/libzephyr.a(log_core.c.obj)
                0x00000000010039e4                dropped_notify
 .text.z_log_msg_init
                0x0000000001003a14       0x20 zephyr/libzephyr.a(log_core.c.obj)
                0x0000000001003a14                z_log_msg_init
 .text.log_core_init
                0x0000000001003a34       0x34 zephyr/libzephyr.a(log_core.c.obj)
                0x0000000001003a34                log_core_init
 .text.z_log_msg_alloc
                0x0000000001003a68       0x10 zephyr/libzephyr.a(log_core.c.obj)
                0x0000000001003a68                z_log_msg_alloc
 .text.z_log_msg_local_claim
                0x0000000001003a78        0xc zephyr/libzephyr.a(log_core.c.obj)
                0x0000000001003a78                z_log_msg_local_claim
 .text.z_log_msg_free
                0x0000000001003a84       0x10 zephyr/libzephyr.a(log_core.c.obj)
                0x0000000001003a84                z_log_msg_free
 .text.z_log_msg_pending
                0x0000000001003a94        0xc zephyr/libzephyr.a(log_core.c.obj)
                0x0000000001003a94                z_log_msg_pending
 .text.z_impl_log_process
                0x0000000001003aa0       0xa0 zephyr/libzephyr.a(log_core.c.obj)
                0x0000000001003aa0                z_impl_log_process
 .text.z_impl_log_panic
                0x0000000001003b40       0x44 zephyr/libzephyr.a(log_core.c.obj)
                0x0000000001003b40                z_impl_log_panic
 .text.log_process_thread_func
                0x0000000001003b84       0xa4 zephyr/libzephyr.a(log_core.c.obj)
 .text.z_log_msg_post_finalize
                0x0000000001003c28       0x78 zephyr/libzephyr.a(log_core.c.obj)
 .text.z_log_msg_commit
                0x0000000001003ca0       0x24 zephyr/libzephyr.a(log_core.c.obj)
                0x0000000001003ca0                z_log_msg_commit
 .text.log_source_name_get
                0x0000000001003cc4       0x1c zephyr/libzephyr.a(log_mgmt.c.obj)
                0x0000000001003cc4                log_source_name_get
 .text.z_impl_z_log_msg_static_create
                0x0000000001003ce0      0x108 zephyr/libzephyr.a(log_msg.c.obj)
                0x0000000001003ce0                z_impl_z_log_msg_static_create
 .text.z_log_msg_runtime_vcreate
                0x0000000001003de8       0xa0 zephyr/libzephyr.a(log_msg.c.obj)
                0x0000000001003de8                z_log_msg_runtime_vcreate
 .text.log_msg_get_source_id
                0x0000000001003e88       0x18 zephyr/libzephyr.a(log_msg.c.obj)
                0x0000000001003e88                log_msg_get_source_id
 .text.print_formatted
                0x0000000001003ea0       0x24 zephyr/libzephyr.a(log_output.c.obj)
 .text.newline_print
                0x0000000001003ec4       0x1c zephyr/libzephyr.a(log_output.c.obj)
 .text.log_output_process
                0x0000000001003ee0      0x2d4 zephyr/libzephyr.a(log_output.c.obj)
                0x0000000001003ee0                log_output_process
 .text.log_output_dropped_process
                0x00000000010041b4       0x58 zephyr/libzephyr.a(log_output.c.obj)
                0x00000000010041b4                log_output_dropped_process
 .text.log_output_timestamp_freq_set
                0x000000000100420c       0x2c zephyr/libzephyr.a(log_output.c.obj)
                0x000000000100420c                log_output_timestamp_freq_set
 .text.char_out
                0x0000000001004238       0x24 zephyr/libzephyr.a(log_backend_uart.c.obj)
 .text.mem_attr_get_regions
                0x000000000100425c        0xc zephyr/libzephyr.a(mem_attr.c.obj)
                0x000000000100425c                mem_attr_get_regions
 .text.z_arm_fatal_error
                0x0000000001004268       0xb8 zephyr/arch/arch/arm/core/libarch__arm__core.a(fatal.c.obj)
                0x0000000001004268                z_arm_fatal_error
 .text.z_SysNmiOnReset
                0x0000000001004320        0x8 zephyr/arch/arch/arm/core/libarch__arm__core.a(nmi_on_reset.S.obj)
                0x0000000001004320                z_SysNmiOnReset
 .text.arch_tls_stack_setup
                0x0000000001004328       0x40 zephyr/arch/arch/arm/core/libarch__arm__core.a(tls.c.obj)
                0x0000000001004328                arch_tls_stack_setup
 .text._HandlerModeExit
                0x0000000001004368       0x20 zephyr/arch/arch/arm/core/cortex_m/libarch__arm__core__cortex_m.a(exc_exit.c.obj)
                0x0000000001004368                z_arm_exc_exit
                0x0000000001004368                z_arm_int_exit
 .text.mem_manage_fault.constprop.0
                0x0000000001004388       0xac zephyr/arch/arch/arm/core/cortex_m/libarch__arm__core__cortex_m.a(fault.c.obj)
 .text.usage_fault.constprop.0
                0x0000000001004434       0xbc zephyr/arch/arch/arm/core/cortex_m/libarch__arm__core__cortex_m.a(fault.c.obj)
 .text.bus_fault.constprop.0
                0x00000000010044f0       0xb8 zephyr/arch/arch/arm/core/cortex_m/libarch__arm__core__cortex_m.a(fault.c.obj)
 .text.z_arm_fault
                0x00000000010045a8      0x1d0 zephyr/arch/arch/arm/core/cortex_m/libarch__arm__core__cortex_m.a(fault.c.obj)
                0x00000000010045a8                z_arm_fault
 .text.z_arm_fault_init
                0x0000000001004778       0x20 zephyr/arch/arch/arm/core/cortex_m/libarch__arm__core__cortex_m.a(fault.c.obj)
                0x0000000001004778                z_arm_fault_init
 .text.__fault  0x0000000001004798       0x14 zephyr/arch/arch/arm/core/cortex_m/libarch__arm__core__cortex_m.a(fault_s.S.obj)
                0x0000000001004798                z_arm_bus_fault
                0x0000000001004798                z_arm_usage_fault
                0x0000000001004798                z_arm_mpu_fault
                0x0000000001004798                z_arm_exc_spurious
                0x0000000001004798                z_arm_debug_monitor
                0x0000000001004798                z_arm_hard_fault
 .text._reset_section
                0x00000000010047ac       0x30 zephyr/arch/arch/arm/core/cortex_m/libarch__arm__core__cortex_m.a(reset.S.obj)
                0x00000000010047ac                z_arm_reset
                0x00000000010047ac                __start
 .text.z_impl_k_thread_abort
                0x00000000010047dc       0x2c zephyr/arch/arch/arm/core/cortex_m/libarch__arm__core__cortex_m.a(thread_abort.c.obj)
                0x00000000010047dc                z_impl_k_thread_abort
 .text.z_arm_pendsv
                0x0000000001004808       0x68 zephyr/arch/arch/arm/core/cortex_m/libarch__arm__core__cortex_m.a(swap_helper.S.obj)
                0x0000000001004808                z_arm_pendsv
 .text.z_arm_svc
                0x0000000001004870       0x24 zephyr/arch/arch/arm/core/cortex_m/libarch__arm__core__cortex_m.a(swap_helper.S.obj)
                0x0000000001004870                z_arm_svc
 .text.arch_irq_enable
                0x0000000001004894       0x1c zephyr/arch/arch/arm/core/cortex_m/libarch__arm__core__cortex_m.a(irq_manage.c.obj)
                0x0000000001004894                arch_irq_enable
 .text.arch_irq_disable
                0x00000000010048b0       0x28 zephyr/arch/arch/arm/core/cortex_m/libarch__arm__core__cortex_m.a(irq_manage.c.obj)
                0x00000000010048b0                arch_irq_disable
 .text.arch_irq_is_enabled
                0x00000000010048d8       0x1c zephyr/arch/arch/arm/core/cortex_m/libarch__arm__core__cortex_m.a(irq_manage.c.obj)
                0x00000000010048d8                arch_irq_is_enabled
 .text.z_arm_irq_priority_set
                0x00000000010048f4       0x2c zephyr/arch/arch/arm/core/cortex_m/libarch__arm__core__cortex_m.a(irq_manage.c.obj)
                0x00000000010048f4                z_arm_irq_priority_set
 .text.z_prep_c
                0x0000000001004920       0x2c zephyr/arch/arch/arm/core/cortex_m/libarch__arm__core__cortex_m.a(prep_c.c.obj)
                0x0000000001004920                z_prep_c
 .text.arch_new_thread
                0x000000000100494c       0x38 zephyr/arch/arch/arm/core/cortex_m/libarch__arm__core__cortex_m.a(thread.c.obj)
                0x000000000100494c                arch_new_thread
 .text.arch_switch_to_main_thread
                0x0000000001004984       0x40 zephyr/arch/arch/arm/core/cortex_m/libarch__arm__core__cortex_m.a(thread.c.obj)
                0x0000000001004984                arch_switch_to_main_thread
 .text.z_arm_cpu_idle_init
                0x00000000010049c4        0xc zephyr/arch/arch/arm/core/cortex_m/libarch__arm__core__cortex_m.a(cpu_idle.c.obj)
                0x00000000010049c4                z_arm_cpu_idle_init
 .text.z_arm_interrupt_init
                0x00000000010049d0       0x18 zephyr/arch/arch/arm/core/cortex_m/libarch__arm__core__cortex_m.a(irq_init.c.obj)
                0x00000000010049d0                z_arm_interrupt_init
 .text._isr_wrapper
                0x00000000010049e8       0x24 zephyr/arch/arch/arm/core/cortex_m/libarch__arm__core__cortex_m.a(isr_wrapper.c.obj)
                0x00000000010049e8                _isr_wrapper
 .text.z_arm_configure_static_mpu_regions
                0x0000000001004a0c       0x38 zephyr/arch/arch/arm/core/mpu/libarch__arm__core__mpu.a(arm_core_mpu.c.obj)
                0x0000000001004a0c                z_arm_configure_static_mpu_regions
 .text.region_init
                0x0000000001004a44       0x78 zephyr/arch/arch/arm/core/mpu/libarch__arm__core__mpu.a(arm_mpu.c.obj)
 .text.region_allocate_and_init
                0x0000000001004abc       0x70 zephyr/arch/arch/arm/core/mpu/libarch__arm__core__mpu.a(arm_mpu.c.obj)
 .text.mpu_configure_region
                0x0000000001004b2c       0x6c zephyr/arch/arch/arm/core/mpu/libarch__arm__core__mpu.a(arm_mpu.c.obj)
 .text.mpu_configure_regions_and_partition.constprop.0
                0x0000000001004b98      0x164 zephyr/arch/arch/arm/core/mpu/libarch__arm__core__mpu.a(arm_mpu.c.obj)
 .text.arm_core_mpu_enable
                0x0000000001004cfc       0x18 zephyr/arch/arch/arm/core/mpu/libarch__arm__core__mpu.a(arm_mpu.c.obj)
                0x0000000001004cfc                arm_core_mpu_enable
 .text.arm_core_mpu_disable
                0x0000000001004d14       0x14 zephyr/arch/arch/arm/core/mpu/libarch__arm__core__mpu.a(arm_mpu.c.obj)
                0x0000000001004d14                arm_core_mpu_disable
 .text.arm_core_mpu_configure_static_mpu_regions
                0x0000000001004d28       0x14 zephyr/arch/arch/arm/core/mpu/libarch__arm__core__mpu.a(arm_mpu.c.obj)
                0x0000000001004d28                arm_core_mpu_configure_static_mpu_regions
 .text.arm_core_mpu_mark_areas_for_dynamic_regions
                0x0000000001004d3c       0xb8 zephyr/arch/arch/arm/core/mpu/libarch__arm__core__mpu.a(arm_mpu.c.obj)
                0x0000000001004d3c                arm_core_mpu_mark_areas_for_dynamic_regions
 .text.z_arm_mpu_init
                0x0000000001004df4      0x164 zephyr/arch/arch/arm/core/mpu/libarch__arm__core__mpu.a(arm_mpu.c.obj)
                0x0000000001004df4                z_arm_mpu_init
 .text.cbvprintf
                0x0000000001004f58       0x38 zephyr/lib/libc/picolibc/liblib__libc__picolibc.a(cbprintf.c.obj)
                0x0000000001004f58                cbvprintf
 .text.z_impl_zephyr_fputc
                0x0000000001004f90       0x10 zephyr/lib/libc/picolibc/liblib__libc__picolibc.a(stdio.c.obj)
                0x0000000001004f90                z_impl_zephyr_fputc
 .text.__stdout_hook_install
                0x0000000001004fa0       0x18 zephyr/lib/libc/picolibc/liblib__libc__picolibc.a(stdio.c.obj)
                0x0000000001004fa0                __stdout_hook_install
 .text.malloc_prepare
                0x0000000001004fb8       0x24 zephyr/lib/libc/common/liblib__libc__common.a(malloc.c.obj)
 .text.net_buf_destroy
                0x0000000001004fdc       0x38 zephyr/lib/net_buf/liblib__net_buf.a(buf.c.obj)
 .text.net_buf_pool_get
                0x0000000001005014       0x10 zephyr/lib/net_buf/liblib__net_buf.a(buf.c.obj)
                0x0000000001005014                net_buf_pool_get
 .text.net_buf_id
                0x0000000001005024       0x20 zephyr/lib/net_buf/liblib__net_buf.a(buf.c.obj)
                0x0000000001005024                net_buf_id
 .text.fixed_data_alloc
                0x0000000001005044       0x24 zephyr/lib/net_buf/liblib__net_buf.a(buf.c.obj)
 .text.net_buf_alloc_len
                0x0000000001005068       0xfc zephyr/lib/net_buf/liblib__net_buf.a(buf.c.obj)
                0x0000000001005068                net_buf_alloc_len
 .text.net_buf_unref
                0x0000000001005164       0x38 zephyr/lib/net_buf/liblib__net_buf.a(buf.c.obj)
                0x0000000001005164                net_buf_unref
 .text.rtc_pretick_finish_previous
                0x000000000100519c       0x24 zephyr/soc/soc/nrf5340/libsoc__nordic.a(soc.c.obj)
 .text.nordicsemi_nrf53_init
                0x00000000010051c0       0x10 zephyr/soc/soc/nrf5340/libsoc__nordic.a(soc.c.obj)
 .text.rtc_pretick_init
                0x00000000010051d0       0xa4 zephyr/soc/soc/nrf5340/libsoc__nordic.a(soc.c.obj)
 .text.z_arm_on_enter_cpu_idle_prepare
                0x0000000001005274       0xfc zephyr/soc/soc/nrf5340/libsoc__nordic.a(soc.c.obj)
                0x0000000001005274                z_arm_on_enter_cpu_idle_prepare
 .text.z_arm_on_enter_cpu_idle
                0x0000000001005370       0xec zephyr/soc/soc/nrf5340/libsoc__nordic.a(soc.c.obj)
                0x0000000001005370                z_arm_on_enter_cpu_idle
 .text.arch_busy_wait
                0x000000000100545c       0x14 zephyr/soc/soc/nrf5340/libsoc__nordic.a(soc.c.obj)
                0x000000000100545c                arch_busy_wait
 .text.sync_rtc_timestamp_get
                0x0000000001005470       0x14 zephyr/soc/soc/nrf5340/libsoc__nordic.a(sync_rtc.c.obj)
 .text.sync_rtc_setup
                0x0000000001005484      0x110 zephyr/soc/soc/nrf5340/libsoc__nordic.a(sync_rtc.c.obj)
 .text.rtc_cb   0x0000000001005594       0x4c zephyr/soc/soc/nrf5340/libsoc__nordic.a(sync_rtc.c.obj)
 .text.mbox_callback
                0x00000000010055e0       0xac zephyr/soc/soc/nrf5340/libsoc__nordic.a(sync_rtc.c.obj)
 .text.xoshiro128_initialize
                0x000000000100568c       0x18 zephyr/subsys/random/libsubsys__random.a(random_xoshiro128.c.obj)
 .text.bt_hex   0x00000000010056a4       0x44 zephyr/subsys/bluetooth/common/libsubsys__bluetooth__common.a(bt_str.c.obj)
                0x00000000010056a4                bt_hex
 .text.bt_addr_str
                0x00000000010056e8       0x34 zephyr/subsys/bluetooth/common/libsubsys__bluetooth__common.a(bt_str.c.obj)
                0x00000000010056e8                bt_addr_str
 .text.bt_addr_le_str
                0x000000000100571c       0x7c zephyr/subsys/bluetooth/common/libsubsys__bluetooth__common.a(bt_str.c.obj)
                0x000000000100571c                bt_addr_le_str
 .text.bt_uuid_str
                0x0000000001005798       0x14 zephyr/subsys/bluetooth/common/libsubsys__bluetooth__common.a(bt_str.c.obj)
                0x0000000001005798                bt_uuid_str
 .text.uuid_to_uuid128
                0x00000000010057ac       0x78 zephyr/subsys/bluetooth/host/libsubsys__bluetooth__host.a(uuid.c.obj)
 .text.bt_uuid_to_str
                0x0000000001005824       0x70 zephyr/subsys/bluetooth/host/libsubsys__bluetooth__host.a(uuid.c.obj)
                0x0000000001005824                bt_uuid_to_str
 .text.hci_rx_pool_destroy
                0x0000000001005894       0x20 zephyr/subsys/bluetooth/host/libsubsys__bluetooth__host.a(buf.c.obj)
 .text.bt_buf_get_rx
                0x00000000010058b4       0x20 zephyr/subsys/bluetooth/host/libsubsys__bluetooth__host.a(buf.c.obj)
                0x00000000010058b4                bt_buf_get_rx
 .text.bt_buf_get_evt
                0x00000000010058d4       0x40 zephyr/subsys/bluetooth/host/libsubsys__bluetooth__host.a(buf.c.obj)
                0x00000000010058d4                bt_buf_get_evt
 .text.bt_buf_make_view
                0x0000000001005914       0x84 zephyr/subsys/bluetooth/host/libsubsys__bluetooth__host.a(buf.c.obj)
                0x0000000001005914                bt_buf_make_view
 .text.bt_buf_destroy_view
                0x0000000001005998       0x60 zephyr/subsys/bluetooth/host/libsubsys__bluetooth__host.a(buf.c.obj)
                0x0000000001005998                bt_buf_destroy_view
 .text.hci_data_buf_overflow
                0x00000000010059f8       0x18 zephyr/subsys/bluetooth/host/libsubsys__bluetooth__host.a(hci_core.c.obj)
 .text.hci_hardware_error
                0x0000000001005a10       0x24 zephyr/subsys/bluetooth/host/libsubsys__bluetooth__host.a(hci_core.c.obj)
 .text.rx_queue_put
                0x0000000001005a34       0x3c zephyr/subsys/bluetooth/host/libsubsys__bluetooth__host.a(hci_core.c.obj)
 .text.find_pending_connect.part.0
                0x0000000001005a70       0x2c zephyr/subsys/bluetooth/host/libsubsys__bluetooth__host.a(hci_core.c.obj)
 .text.le_conn_param_neg_reply.part.0
                0x0000000001005a9c       0x14 zephyr/subsys/bluetooth/host/libsubsys__bluetooth__host.a(hci_core.c.obj)
 .text.handle_event.part.0
                0x0000000001005ab0       0x48 zephyr/subsys/bluetooth/host/libsubsys__bluetooth__host.a(hci_core.c.obj)
 .text.le_phy_update_complete
                0x0000000001005af8       0x7c zephyr/subsys/bluetooth/host/libsubsys__bluetooth__host.a(hci_core.c.obj)
 .text.hci_disconn_complete
                0x0000000001005b74       0xb8 zephyr/subsys/bluetooth/host/libsubsys__bluetooth__host.a(hci_core.c.obj)
 .text.hci_disconn_complete_prio
                0x0000000001005c2c       0x94 zephyr/subsys/bluetooth/host/libsubsys__bluetooth__host.a(hci_core.c.obj)
 .text.le_remote_feat_complete
                0x0000000001005cc0       0x54 zephyr/subsys/bluetooth/host/libsubsys__bluetooth__host.a(hci_core.c.obj)
 .text.handle_event_common
                0x0000000001005d14       0x50 zephyr/subsys/bluetooth/host/libsubsys__bluetooth__host.a(hci_core.c.obj)
 .text.rx_work_handler
                0x0000000001005d64      0x214 zephyr/subsys/bluetooth/host/libsubsys__bluetooth__host.a(hci_core.c.obj)
 .text.hci_le_meta_event
                0x0000000001005f78       0x54 zephyr/subsys/bluetooth/host/libsubsys__bluetooth__host.a(hci_core.c.obj)
 .text.hci_vendor_event
                0x0000000001005fcc       0x98 zephyr/subsys/bluetooth/host/libsubsys__bluetooth__host.a(hci_core.c.obj)
 .text.hci_cmd_done
                0x0000000001006064      0x1a4 zephyr/subsys/bluetooth/host/libsubsys__bluetooth__host.a(hci_core.c.obj)
 .text.hci_num_completed_packets
                0x0000000001006208      0x13c zephyr/subsys/bluetooth/host/libsubsys__bluetooth__host.a(hci_core.c.obj)
 .text.le_conn_update_complete
                0x0000000001006344      0x158 zephyr/subsys/bluetooth/host/libsubsys__bluetooth__host.a(hci_core.c.obj)
 .text.bt_hci_cmd_state_set_init
                0x000000000100649c       0x24 zephyr/subsys/bluetooth/host/libsubsys__bluetooth__host.a(hci_core.c.obj)
                0x000000000100649c                bt_hci_cmd_state_set_init
 .text.bt_hci_cmd_create
                0x00000000010064c0       0xf4 zephyr/subsys/bluetooth/host/libsubsys__bluetooth__host.a(hci_core.c.obj)
                0x00000000010064c0                bt_hci_cmd_create
 .text.bt_hci_get_ver_str
                0x00000000010065b4       0x3c zephyr/subsys/bluetooth/host/libsubsys__bluetooth__host.a(hci_core.c.obj)
                0x00000000010065b4                bt_hci_get_ver_str
 .text.bt_send  0x00000000010065f0       0x54 zephyr/subsys/bluetooth/host/libsubsys__bluetooth__host.a(hci_core.c.obj)
                0x00000000010065f0                bt_send
 .text.hci_event_prio
                0x0000000001006644       0xa0 zephyr/subsys/bluetooth/host/libsubsys__bluetooth__host.a(hci_core.c.obj)
                0x0000000001006644                hci_event_prio
 .text.bt_hci_recv
                0x00000000010066e4       0x8c zephyr/subsys/bluetooth/host/libsubsys__bluetooth__host.a(hci_core.c.obj)
                0x00000000010066e4                bt_hci_recv
 .text.bt_finalize_init
                0x0000000001006770      0x138 zephyr/subsys/bluetooth/host/libsubsys__bluetooth__host.a(hci_core.c.obj)
                0x0000000001006770                bt_finalize_init
 .text.bt_get_name
                0x00000000010068a8        0x8 zephyr/subsys/bluetooth/host/libsubsys__bluetooth__host.a(hci_core.c.obj)
                0x00000000010068a8                bt_get_name
 .text.bt_tx_irq_raise
                0x00000000010068b0       0x40 zephyr/subsys/bluetooth/host/libsubsys__bluetooth__host.a(hci_core.c.obj)
                0x00000000010068b0                bt_tx_irq_raise
 .text.bt_hci_cmd_send
                0x00000000010068f0       0x8c zephyr/subsys/bluetooth/host/libsubsys__bluetooth__host.a(hci_core.c.obj)
                0x00000000010068f0                bt_hci_cmd_send
 .text.le_conn_param_req
                0x000000000100697c       0xc0 zephyr/subsys/bluetooth/host/libsubsys__bluetooth__host.a(hci_core.c.obj)
 .text.process_pending_cmd
                0x0000000001006a3c      0x13c zephyr/subsys/bluetooth/host/libsubsys__bluetooth__host.a(hci_core.c.obj)
 .text.bt_hci_cmd_send_sync
                0x0000000001006b78      0x230 zephyr/subsys/bluetooth/host/libsubsys__bluetooth__host.a(hci_core.c.obj)
                0x0000000001006b78                bt_hci_cmd_send_sync
 .text.bt_init  0x0000000001006da8      0x6b4 zephyr/subsys/bluetooth/host/libsubsys__bluetooth__host.a(hci_core.c.obj)
 .text.init_work
                0x000000000100745c       0x18 zephyr/subsys/bluetooth/host/libsubsys__bluetooth__host.a(hci_core.c.obj)
 .text.bt_enable
                0x0000000001007474       0xd0 zephyr/subsys/bluetooth/host/libsubsys__bluetooth__host.a(hci_core.c.obj)
                0x0000000001007474                bt_enable
 .text.bt_hci_le_rand
                0x0000000001007544       0x58 zephyr/subsys/bluetooth/host/libsubsys__bluetooth__host.a(hci_core.c.obj)
                0x0000000001007544                bt_hci_le_rand
 .text.bt_le_create_conn_legacy
                0x000000000100759c       0xa0 zephyr/subsys/bluetooth/host/libsubsys__bluetooth__host.a(hci_core.c.obj)
 .text.enh_conn_complete_error_handle
                0x000000000100763c      0x110 zephyr/subsys/bluetooth/host/libsubsys__bluetooth__host.a(hci_core.c.obj)
 .text.bt_le_create_conn_cancel
                0x000000000100774c       0x34 zephyr/subsys/bluetooth/host/libsubsys__bluetooth__host.a(hci_core.c.obj)
                0x000000000100774c                bt_le_create_conn_cancel
 .text.bt_hci_le_enh_conn_complete
                0x0000000001007780      0x2a0 zephyr/subsys/bluetooth/host/libsubsys__bluetooth__host.a(hci_core.c.obj)
                0x0000000001007780                bt_hci_le_enh_conn_complete
 .text.le_legacy_conn_complete
                0x0000000001007a20       0xc4 zephyr/subsys/bluetooth/host/libsubsys__bluetooth__host.a(hci_core.c.obj)
 .text.hci_cmd_status
                0x0000000001007ae4       0x6c zephyr/subsys/bluetooth/host/libsubsys__bluetooth__host.a(hci_core.c.obj)
 .text.hci_cmd_complete
                0x0000000001007b50       0xa8 zephyr/subsys/bluetooth/host/libsubsys__bluetooth__host.a(hci_core.c.obj)
 .text.tx_processor
                0x0000000001007bf8       0x48 zephyr/subsys/bluetooth/host/libsubsys__bluetooth__host.a(hci_core.c.obj)
 .text.bt_hci_evt_create
                0x0000000001007c40       0x50 zephyr/subsys/bluetooth/host/libsubsys__bluetooth__host.a(hci_common.c.obj)
                0x0000000001007c40                bt_hci_evt_create
 .text.id_find  0x0000000001007c90       0x30 zephyr/subsys/bluetooth/host/libsubsys__bluetooth__host.a(id.c.obj)
 .text.set_random_address
                0x0000000001007cc0       0xb4 zephyr/subsys/bluetooth/host/libsubsys__bluetooth__host.a(id.c.obj)
 .text.id_create.constprop.0
                0x0000000001007d74       0x74 zephyr/subsys/bluetooth/host/libsubsys__bluetooth__host.a(id.c.obj)
 .text.bt_id_adv_random_addr_check
                0x0000000001007de8       0x20 zephyr/subsys/bluetooth/host/libsubsys__bluetooth__host.a(id.c.obj)
                0x0000000001007de8                bt_id_adv_random_addr_check
 .text.bt_id_create
                0x0000000001007e08       0x98 zephyr/subsys/bluetooth/host/libsubsys__bluetooth__host.a(id.c.obj)
                0x0000000001007e08                bt_id_create
 .text.bt_id_read_public_addr
                0x0000000001007ea0       0xb8 zephyr/subsys/bluetooth/host/libsubsys__bluetooth__host.a(id.c.obj)
                0x0000000001007ea0                bt_id_read_public_addr
 .text.bt_setup_public_id_addr
                0x0000000001007f58       0x20 zephyr/subsys/bluetooth/host/libsubsys__bluetooth__host.a(id.c.obj)
                0x0000000001007f58                bt_setup_public_id_addr
 .text.bt_setup_random_id_addr
                0x0000000001007f78       0xd8 zephyr/subsys/bluetooth/host/libsubsys__bluetooth__host.a(id.c.obj)
                0x0000000001007f78                bt_setup_random_id_addr
 .text.bt_id_set_create_conn_own_addr
                0x0000000001008050       0x2c zephyr/subsys/bluetooth/host/libsubsys__bluetooth__host.a(id.c.obj)
                0x0000000001008050                bt_id_set_create_conn_own_addr
 .text.bt_id_set_scan_own_addr
                0x000000000100807c       0x48 zephyr/subsys/bluetooth/host/libsubsys__bluetooth__host.a(id.c.obj)
                0x000000000100807c                bt_id_set_scan_own_addr
 .text.bt_id_set_adv_own_addr
                0x00000000010080c4      0x10c zephyr/subsys/bluetooth/host/libsubsys__bluetooth__host.a(id.c.obj)
                0x00000000010080c4                bt_id_set_adv_own_addr
 .text.bt_id_init
                0x00000000010081d0       0xa8 zephyr/subsys/bluetooth/host/libsubsys__bluetooth__host.a(id.c.obj)
                0x00000000010081d0                bt_id_init
 .text.hci_set_ad
                0x0000000001008278       0xd0 zephyr/subsys/bluetooth/host/libsubsys__bluetooth__host.a(adv.c.obj)
 .text.adv_is_directed
                0x0000000001008348       0x18 zephyr/subsys/bluetooth/host/libsubsys__bluetooth__host.a(adv.c.obj)
 .text.le_adv_start_add_conn
                0x0000000001008360       0x60 zephyr/subsys/bluetooth/host/libsubsys__bluetooth__host.a(adv.c.obj)
 .text.valid_adv_param
                0x00000000010083c0       0x84 zephyr/subsys/bluetooth/host/libsubsys__bluetooth__host.a(adv.c.obj)
 .text.bt_le_adv_lookup_legacy
                0x0000000001008444        0x8 zephyr/subsys/bluetooth/host/libsubsys__bluetooth__host.a(adv.c.obj)
                0x0000000001008444                bt_le_adv_lookup_legacy
 .text.bt_le_adv_start_legacy
                0x000000000100844c      0x278 zephyr/subsys/bluetooth/host/libsubsys__bluetooth__host.a(adv.c.obj)
                0x000000000100844c                bt_le_adv_start_legacy
 .text.bt_le_adv_start
                0x00000000010086c4       0x64 zephyr/subsys/bluetooth/host/libsubsys__bluetooth__host.a(adv.c.obj)
                0x00000000010086c4                bt_le_adv_start
 .text.bt_le_adv_stop
                0x0000000001008728       0x98 zephyr/subsys/bluetooth/host/libsubsys__bluetooth__host.a(adv.c.obj)
                0x0000000001008728                bt_le_adv_stop
 .text.adv_timeout
                0x00000000010087c0       0x24 zephyr/subsys/bluetooth/host/libsubsys__bluetooth__host.a(adv.c.obj)
 .text.bt_le_adv_resume
                0x00000000010087e4      0x160 zephyr/subsys/bluetooth/host/libsubsys__bluetooth__host.a(adv.c.obj)
                0x00000000010087e4                bt_le_adv_resume
 .text.cmd_le_set_scan_enable_legacy
                0x0000000001008944       0x4c zephyr/subsys/bluetooth/host/libsubsys__bluetooth__host.a(scan.c.obj)
 .text.scan_check_if_state_allowed
                0x0000000001008990       0x3c zephyr/subsys/bluetooth/host/libsubsys__bluetooth__host.a(scan.c.obj)
 .text.atomic_clear_bit.constprop.0
                0x00000000010089cc       0x28 zephyr/subsys/bluetooth/host/libsubsys__bluetooth__host.a(scan.c.obj)
 .text.scan_update.part.0
                0x00000000010089f4      0x1d8 zephyr/subsys/bluetooth/host/libsubsys__bluetooth__host.a(scan.c.obj)
 .text.scan_update
                0x0000000001008bcc       0x1c zephyr/subsys/bluetooth/host/libsubsys__bluetooth__host.a(scan.c.obj)
 .text.bt_scan_reset
                0x0000000001008be8       0x30 zephyr/subsys/bluetooth/host/libsubsys__bluetooth__host.a(scan.c.obj)
                0x0000000001008be8                bt_scan_reset
 .text.bt_le_scan_set_enable
                0x0000000001008c18       0x18 zephyr/subsys/bluetooth/host/libsubsys__bluetooth__host.a(scan.c.obj)
                0x0000000001008c18                bt_le_scan_set_enable
 .text.bt_le_scan_user_add
                0x0000000001008c30       0x4c zephyr/subsys/bluetooth/host/libsubsys__bluetooth__host.a(scan.c.obj)
                0x0000000001008c30                bt_le_scan_user_add
 .text.bt_hci_le_adv_report
                0x0000000001008c7c      0x2ec zephyr/subsys/bluetooth/host/libsubsys__bluetooth__host.a(scan.c.obj)
                0x0000000001008c7c                bt_hci_le_adv_report
 .text.notify_connected
                0x0000000001008f68       0x40 zephyr/subsys/bluetooth/host/libsubsys__bluetooth__host.a(conn.c.obj)
 .text.get_data_frag
                0x0000000001008fa8       0x74 zephyr/subsys/bluetooth/host/libsubsys__bluetooth__host.a(conn.c.obj)
 .text.frag_destroy
                0x000000000100901c       0x50 zephyr/subsys/bluetooth/host/libsubsys__bluetooth__host.a(conn.c.obj)
                0x000000000100901c                frag_destroy
 .text.destroy_and_callback
                0x000000000100906c       0x68 zephyr/subsys/bluetooth/host/libsubsys__bluetooth__host.a(conn.c.obj)
 .text.tx_free  0x00000000010090d4       0x4c zephyr/subsys/bluetooth/host/libsubsys__bluetooth__host.a(conn.c.obj)
 .text.tx_notify_process
                0x0000000001009120       0xec zephyr/subsys/bluetooth/host/libsubsys__bluetooth__host.a(conn.c.obj)
 .text.conn_tx_destroy
                0x000000000100920c       0x5c zephyr/subsys/bluetooth/host/libsubsys__bluetooth__host.a(conn.c.obj)
 .text.recycled_work_handler
                0x0000000001009268       0x54 zephyr/subsys/bluetooth/host/libsubsys__bluetooth__host.a(conn.c.obj)
 .text.perform_auto_initiated_procedures
                0x00000000010092bc       0xdc zephyr/subsys/bluetooth/host/libsubsys__bluetooth__host.a(conn.c.obj)
 .text.bt_conn_get_pkts
                0x0000000001009398       0x18 zephyr/subsys/bluetooth/host/libsubsys__bluetooth__host.a(conn.c.obj)
                0x0000000001009398                bt_conn_get_pkts
 .text.bt_conn_tx_notify
                0x00000000010093b0       0x44 zephyr/subsys/bluetooth/host/libsubsys__bluetooth__host.a(conn.c.obj)
                0x00000000010093b0                bt_conn_tx_notify
 .text.bt_conn_new
                0x00000000010093f4       0x5c zephyr/subsys/bluetooth/host/libsubsys__bluetooth__host.a(conn.c.obj)
                0x00000000010093f4                bt_conn_new
 .text.bt_conn_recv
                0x0000000001009450      0x1d4 zephyr/subsys/bluetooth/host/libsubsys__bluetooth__host.a(conn.c.obj)
                0x0000000001009450                bt_conn_recv
 .text.bt_conn_ref
                0x0000000001009624       0x64 zephyr/subsys/bluetooth/host/libsubsys__bluetooth__host.a(conn.c.obj)
                0x0000000001009624                bt_conn_ref
 .text.bt_conn_data_ready
                0x0000000001009688       0xc8 zephyr/subsys/bluetooth/host/libsubsys__bluetooth__host.a(conn.c.obj)
                0x0000000001009688                bt_conn_data_ready
 .text.get_conn_ready
                0x0000000001009750      0x208 zephyr/subsys/bluetooth/host/libsubsys__bluetooth__host.a(conn.c.obj)
                0x0000000001009750                get_conn_ready
 .text.bt_conn_unref
                0x0000000001009958       0x8c zephyr/subsys/bluetooth/host/libsubsys__bluetooth__host.a(conn.c.obj)
                0x0000000001009958                bt_conn_unref
 .text.bt_conn_set_state
                0x00000000010099e4      0x2b0 zephyr/subsys/bluetooth/host/libsubsys__bluetooth__host.a(conn.c.obj)
                0x00000000010099e4                bt_conn_set_state
 .text.bt_conn_lookup_handle
                0x0000000001009c94       0x40 zephyr/subsys/bluetooth/host/libsubsys__bluetooth__host.a(conn.c.obj)
                0x0000000001009c94                bt_conn_lookup_handle
 .text.bt_conn_foreach
                0x0000000001009cd4       0x30 zephyr/subsys/bluetooth/host/libsubsys__bluetooth__host.a(conn.c.obj)
                0x0000000001009cd4                bt_conn_foreach
 .text.auto_initiated_procedures
                0x0000000001009d04       0x10 zephyr/subsys/bluetooth/host/libsubsys__bluetooth__host.a(conn.c.obj)
 .text.bt_conn_index
                0x0000000001009d14       0x18 zephyr/subsys/bluetooth/host/libsubsys__bluetooth__host.a(conn.c.obj)
                0x0000000001009d14                bt_conn_index
 .text.bt_conn_create_pdu_timeout
                0x0000000001009d2c       0x6c zephyr/subsys/bluetooth/host/libsubsys__bluetooth__host.a(conn.c.obj)
                0x0000000001009d2c                bt_conn_create_pdu_timeout
 .text.bt_conn_connected
                0x0000000001009d98       0x50 zephyr/subsys/bluetooth/host/libsubsys__bluetooth__host.a(conn.c.obj)
                0x0000000001009d98                bt_conn_connected
 .text.bt_conn_tx_processor
                0x0000000001009de8      0x440 zephyr/subsys/bluetooth/host/libsubsys__bluetooth__host.a(conn.c.obj)
                0x0000000001009de8                bt_conn_tx_processor
 .text.notify_le_param_updated
                0x000000000100a228       0x8c zephyr/subsys/bluetooth/host/libsubsys__bluetooth__host.a(conn.c.obj)
                0x000000000100a228                notify_le_param_updated
 .text.le_param_req
                0x000000000100a2b4       0x78 zephyr/subsys/bluetooth/host/libsubsys__bluetooth__host.a(conn.c.obj)
                0x000000000100a2b4                le_param_req
 .text.bt_conn_add_le
                0x000000000100a32c       0x54 zephyr/subsys/bluetooth/host/libsubsys__bluetooth__host.a(conn.c.obj)
                0x000000000100a32c                bt_conn_add_le
 .text.bt_conn_lookup_addr_le
                0x000000000100a380       0x34 zephyr/subsys/bluetooth/host/libsubsys__bluetooth__host.a(conn.c.obj)
                0x000000000100a380                bt_conn_lookup_addr_le
 .text.bt_conn_exists_le
                0x000000000100a3b4       0x70 zephyr/subsys/bluetooth/host/libsubsys__bluetooth__host.a(conn.c.obj)
                0x000000000100a3b4                bt_conn_exists_le
 .text.bt_conn_lookup_state_le
                0x000000000100a424       0x44 zephyr/subsys/bluetooth/host/libsubsys__bluetooth__host.a(conn.c.obj)
                0x000000000100a424                bt_conn_lookup_state_le
 .text.send_conn_le_param_update
                0x000000000100a468       0xbc zephyr/subsys/bluetooth/host/libsubsys__bluetooth__host.a(conn.c.obj)
 .text.deferred_work
                0x000000000100a524      0x13c zephyr/subsys/bluetooth/host/libsubsys__bluetooth__host.a(conn.c.obj)
 .text.bt_conn_init
                0x000000000100a660       0x6c zephyr/subsys/bluetooth/host/libsubsys__bluetooth__host.a(conn.c.obj)
                0x000000000100a660                bt_conn_init
 .text.l2cap_disconnected
                0x000000000100a6cc       0x38 zephyr/subsys/bluetooth/host/libsubsys__bluetooth__host.a(l2cap.c.obj)
 .text.l2cap_connected
                0x000000000100a704       0x38 zephyr/subsys/bluetooth/host/libsubsys__bluetooth__host.a(l2cap.c.obj)
 .text.l2cap_accept
                0x000000000100a73c       0x7c zephyr/subsys/bluetooth/host/libsubsys__bluetooth__host.a(l2cap.c.obj)
 .text.l2cap_create_le_sig_pdu.part.0
                0x000000000100a7b8       0x1c zephyr/subsys/bluetooth/host/libsubsys__bluetooth__host.a(l2cap.c.obj)
 .text.raise_data_ready
                0x000000000100a7d4       0x7c zephyr/subsys/bluetooth/host/libsubsys__bluetooth__host.a(l2cap.c.obj)
 .text.lower_data_ready
                0x000000000100a850       0x60 zephyr/subsys/bluetooth/host/libsubsys__bluetooth__host.a(l2cap.c.obj)
 .text.bt_l2cap_chan_del
                0x000000000100a8b0       0xfc zephyr/subsys/bluetooth/host/libsubsys__bluetooth__host.a(l2cap.c.obj)
                0x000000000100a8b0                bt_l2cap_chan_del
 .text.bt_l2cap_chan_add
                0x000000000100a9ac       0x50 zephyr/subsys/bluetooth/host/libsubsys__bluetooth__host.a(l2cap.c.obj)
                0x000000000100a9ac                bt_l2cap_chan_add
 .text.bt_l2cap_connected
                0x000000000100a9fc       0x8c zephyr/subsys/bluetooth/host/libsubsys__bluetooth__host.a(l2cap.c.obj)
                0x000000000100a9fc                bt_l2cap_connected
 .text.bt_l2cap_send_pdu
                0x000000000100aa88       0xcc zephyr/subsys/bluetooth/host/libsubsys__bluetooth__host.a(l2cap.c.obj)
                0x000000000100aa88                bt_l2cap_send_pdu
 .text.l2cap_data_pull
                0x000000000100ab54      0x338 zephyr/subsys/bluetooth/host/libsubsys__bluetooth__host.a(l2cap.c.obj)
                0x000000000100ab54                l2cap_data_pull
 .text.l2cap_chan_sdu_sent
                0x000000000100ae8c       0xa4 zephyr/subsys/bluetooth/host/libsubsys__bluetooth__host.a(l2cap.c.obj)
 .text.l2cap_recv.part.0
                0x000000000100af30      0x1f0 zephyr/subsys/bluetooth/host/libsubsys__bluetooth__host.a(l2cap.c.obj)
 .text.l2cap_recv
                0x000000000100b120       0x24 zephyr/subsys/bluetooth/host/libsubsys__bluetooth__host.a(l2cap.c.obj)
 .text.bt_l2cap_recv
                0x000000000100b144       0xc4 zephyr/subsys/bluetooth/host/libsubsys__bluetooth__host.a(l2cap.c.obj)
                0x000000000100b144                bt_l2cap_recv
 .text.bt_l2cap_update_conn_param
                0x000000000100b208       0x50 zephyr/subsys/bluetooth/host/libsubsys__bluetooth__host.a(l2cap.c.obj)
                0x000000000100b208                bt_l2cap_update_conn_param
 .text.att_op_get_type
                0x000000000100b258       0x74 zephyr/subsys/bluetooth/host/libsubsys__bluetooth__host.a(att.c.obj)
 .text.find_info_cb
                0x000000000100b2cc       0xf8 zephyr/subsys/bluetooth/host/libsubsys__bluetooth__host.a(att.c.obj)
 .text.bt_att_released
                0x000000000100b3c4       0x44 zephyr/subsys/bluetooth/host/libsubsys__bluetooth__host.a(att.c.obj)
 .text.err_to_att
                0x000000000100b408       0x48 zephyr/subsys/bluetooth/host/libsubsys__bluetooth__host.a(att.c.obj)
 .text.write_cb
                0x000000000100b450       0x90 zephyr/subsys/bluetooth/host/libsubsys__bluetooth__host.a(att.c.obj)
 .text.bt_att_connected
                0x000000000100b4e0       0x6c zephyr/subsys/bluetooth/host/libsubsys__bluetooth__host.a(att.c.obj)
 .text.read_group_cb
                0x000000000100b54c       0xec zephyr/subsys/bluetooth/host/libsubsys__bluetooth__host.a(att.c.obj)
 .text.read_vl_cb
                0x000000000100b638       0xa0 zephyr/subsys/bluetooth/host/libsubsys__bluetooth__host.a(att.c.obj)
 .text.read_cb  0x000000000100b6d8       0x7c zephyr/subsys/bluetooth/host/libsubsys__bluetooth__host.a(att.c.obj)
 .text.read_type_cb
                0x000000000100b754       0xd8 zephyr/subsys/bluetooth/host/libsubsys__bluetooth__host.a(att.c.obj)
 .text.bt_att_accept
                0x000000000100b82c      0x178 zephyr/subsys/bluetooth/host/libsubsys__bluetooth__host.a(att.c.obj)
 .text.bt_att_chan_create_pdu
                0x000000000100b9a4       0x94 zephyr/subsys/bluetooth/host/libsubsys__bluetooth__host.a(att.c.obj)
 .text.find_type_cb
                0x000000000100ba38      0x1b8 zephyr/subsys/bluetooth/host/libsubsys__bluetooth__host.a(att.c.obj)
 .text.chan_send
                0x000000000100bbf0      0x128 zephyr/subsys/bluetooth/host/libsubsys__bluetooth__host.a(att.c.obj)
 .text.bt_att_chan_send
                0x000000000100bd18       0x50 zephyr/subsys/bluetooth/host/libsubsys__bluetooth__host.a(att.c.obj)
 .text.chan_req_send
                0x000000000100bd68       0x9c zephyr/subsys/bluetooth/host/libsubsys__bluetooth__host.a(att.c.obj)
 .text.bt_att_chan_req_send
                0x000000000100be04       0x44 zephyr/subsys/bluetooth/host/libsubsys__bluetooth__host.a(att.c.obj)
 .text.bt_att_status
                0x000000000100be48       0xa4 zephyr/subsys/bluetooth/host/libsubsys__bluetooth__host.a(att.c.obj)
 .text.bt_att_sent
                0x000000000100beec       0xc0 zephyr/subsys/bluetooth/host/libsubsys__bluetooth__host.a(att.c.obj)
 .text.att_tx_destroy
                0x000000000100bfac      0x250 zephyr/subsys/bluetooth/host/libsubsys__bluetooth__host.a(att.c.obj)
 .text.bt_att_recv
                0x000000000100c1fc      0x17c zephyr/subsys/bluetooth/host/libsubsys__bluetooth__host.a(att.c.obj)
 .text.att_write_rsp.constprop.0
                0x000000000100c378       0xc0 zephyr/subsys/bluetooth/host/libsubsys__bluetooth__host.a(att.c.obj)
 .text.att_write_req
                0x000000000100c438       0x60 zephyr/subsys/bluetooth/host/libsubsys__bluetooth__host.a(att.c.obj)
 .text.att_write_cmd
                0x000000000100c498       0x60 zephyr/subsys/bluetooth/host/libsubsys__bluetooth__host.a(att.c.obj)
 .text.att_get  0x000000000100c4f8       0x4c zephyr/subsys/bluetooth/host/libsubsys__bluetooth__host.a(att.c.obj)
 .text.bt_att_create_pdu
                0x000000000100c544       0x64 zephyr/subsys/bluetooth/host/libsubsys__bluetooth__host.a(att.c.obj)
                0x000000000100c544                bt_att_create_pdu
 .text.bt_att_create_rsp_pdu
                0x000000000100c5a8       0x60 zephyr/subsys/bluetooth/host/libsubsys__bluetooth__host.a(att.c.obj)
                0x000000000100c5a8                bt_att_create_rsp_pdu
 .text.att_read_group_req
                0x000000000100c608      0x13c zephyr/subsys/bluetooth/host/libsubsys__bluetooth__host.a(att.c.obj)
 .text.att_read_mult_vl_req
                0x000000000100c744       0xcc zephyr/subsys/bluetooth/host/libsubsys__bluetooth__host.a(att.c.obj)
 .text.att_read_mult_req
                0x000000000100c810       0xcc zephyr/subsys/bluetooth/host/libsubsys__bluetooth__host.a(att.c.obj)
 .text.att_read_rsp
                0x000000000100c8dc       0x90 zephyr/subsys/bluetooth/host/libsubsys__bluetooth__host.a(att.c.obj)
 .text.att_read_blob_req
                0x000000000100c96c       0x54 zephyr/subsys/bluetooth/host/libsubsys__bluetooth__host.a(att.c.obj)
 .text.att_read_req
                0x000000000100c9c0       0x50 zephyr/subsys/bluetooth/host/libsubsys__bluetooth__host.a(att.c.obj)
 .text.att_read_type_req
                0x000000000100ca10      0x15c zephyr/subsys/bluetooth/host/libsubsys__bluetooth__host.a(att.c.obj)
 .text.att_find_type_req
                0x000000000100cb6c      0x100 zephyr/subsys/bluetooth/host/libsubsys__bluetooth__host.a(att.c.obj)
 .text.att_find_info_req
                0x000000000100cc6c       0xa8 zephyr/subsys/bluetooth/host/libsubsys__bluetooth__host.a(att.c.obj)
 .text.att_mtu_req
                0x000000000100cd14       0xd8 zephyr/subsys/bluetooth/host/libsubsys__bluetooth__host.a(att.c.obj)
 .text.bt_att_req_alloc
                0x000000000100cdec       0xc8 zephyr/subsys/bluetooth/host/libsubsys__bluetooth__host.a(att.c.obj)
                0x000000000100cdec                bt_att_req_alloc
 .text.bt_att_req_free
                0x000000000100ceb4       0x50 zephyr/subsys/bluetooth/host/libsubsys__bluetooth__host.a(att.c.obj)
                0x000000000100ceb4                bt_att_req_free
 .text.att_handle_rsp
                0x000000000100cf04       0xc8 zephyr/subsys/bluetooth/host/libsubsys__bluetooth__host.a(att.c.obj)
 .text.att_confirm
                0x000000000100cfcc       0x44 zephyr/subsys/bluetooth/host/libsubsys__bluetooth__host.a(att.c.obj)
 .text.bt_att_disconnected
                0x000000000100d010      0x150 zephyr/subsys/bluetooth/host/libsubsys__bluetooth__host.a(att.c.obj)
 .text.att_timeout
                0x000000000100d160       0xe0 zephyr/subsys/bluetooth/host/libsubsys__bluetooth__host.a(att.c.obj)
 .text.bt_att_req_send
                0x000000000100d240       0x70 zephyr/subsys/bluetooth/host/libsubsys__bluetooth__host.a(att.c.obj)
                0x000000000100d240                bt_att_req_send
 .text.bt_att_set_tx_meta_data
                0x000000000100d2b0       0x24 zephyr/subsys/bluetooth/host/libsubsys__bluetooth__host.a(att.c.obj)
                0x000000000100d2b0                bt_att_set_tx_meta_data
 .text.gatt_ccc_changed
                0x000000000100d2d4       0x64 zephyr/subsys/bluetooth/host/libsubsys__bluetooth__host.a(gatt.c.obj)
 .text.find_sc_cfg
                0x000000000100d338       0x70 zephyr/subsys/bluetooth/host/libsubsys__bluetooth__host.a(gatt.c.obj)
 .text.sc_restore_rsp
                0x000000000100d3a8       0x84 zephyr/subsys/bluetooth/host/libsubsys__bluetooth__host.a(gatt.c.obj)
 .text.gatt_indicate_rsp
                0x000000000100d42c       0x6c zephyr/subsys/bluetooth/host/libsubsys__bluetooth__host.a(gatt.c.obj)
 .text.sc_save  0x000000000100d498       0xec zephyr/subsys/bluetooth/host/libsubsys__bluetooth__host.a(gatt.c.obj)
 .text.sc_indicate_rsp
                0x000000000100d584       0x60 zephyr/subsys/bluetooth/host/libsubsys__bluetooth__host.a(gatt.c.obj)
 .text.sc_ccc_cfg_write
                0x000000000100d5e4       0x58 zephyr/subsys/bluetooth/host/libsubsys__bluetooth__host.a(gatt.c.obj)
 .text.disconnected_cb.part.0
                0x000000000100d63c       0xd8 zephyr/subsys/bluetooth/host/libsubsys__bluetooth__host.a(gatt.c.obj)
 .text.disconnected_cb
                0x000000000100d714       0x18 zephyr/subsys/bluetooth/host/libsubsys__bluetooth__host.a(gatt.c.obj)
 .text.find_ccc_cfg
                0x000000000100d72c       0x2c zephyr/subsys/bluetooth/host/libsubsys__bluetooth__host.a(gatt.c.obj)
 .text.bt_gatt_attr_write_ccc
                0x000000000100d758      0x108 zephyr/subsys/bluetooth/host/libsubsys__bluetooth__host.a(gatt.c.obj)
                0x000000000100d758                bt_gatt_attr_write_ccc
 .text.bt_gatt_init
                0x000000000100d860       0x70 zephyr/subsys/bluetooth/host/libsubsys__bluetooth__host.a(gatt.c.obj)
                0x000000000100d860                bt_gatt_init
 .text.bt_gatt_attr_read
                0x000000000100d8d0       0x80 zephyr/subsys/bluetooth/host/libsubsys__bluetooth__host.a(gatt.c.obj)
                0x000000000100d8d0                bt_gatt_attr_read
 .text.read_ppcp
                0x000000000100d950       0x2c zephyr/subsys/bluetooth/host/libsubsys__bluetooth__host.a(gatt.c.obj)
 .text.bt_gatt_attr_get_handle
                0x000000000100d97c       0x60 zephyr/subsys/bluetooth/host/libsubsys__bluetooth__host.a(gatt.c.obj)
                0x000000000100d97c                bt_gatt_attr_get_handle
 .text.bt_gatt_foreach_attr_type
                0x000000000100d9dc       0xb4 zephyr/subsys/bluetooth/host/libsubsys__bluetooth__host.a(gatt.c.obj)
                0x000000000100d9dc                bt_gatt_foreach_attr_type
 .text.bt_gatt_attr_next
                0x000000000100da90       0x24 zephyr/subsys/bluetooth/host/libsubsys__bluetooth__host.a(gatt.c.obj)
                0x000000000100da90                bt_gatt_attr_next
 .text.bt_gatt_is_subscribed
                0x000000000100dab4      0x180 zephyr/subsys/bluetooth/host/libsubsys__bluetooth__host.a(gatt.c.obj)
                0x000000000100dab4                bt_gatt_is_subscribed
 .text.gatt_indicate
                0x000000000100dc34      0x104 zephyr/subsys/bluetooth/host/libsubsys__bluetooth__host.a(gatt.c.obj)
 .text.bt_gatt_indicate
                0x000000000100dd38       0xf0 zephyr/subsys/bluetooth/host/libsubsys__bluetooth__host.a(gatt.c.obj)
                0x000000000100dd38                bt_gatt_indicate
 .text.sc_process
                0x000000000100de28       0xa4 zephyr/subsys/bluetooth/host/libsubsys__bluetooth__host.a(gatt.c.obj)
 .text.update_ccc
                0x000000000100decc      0x150 zephyr/subsys/bluetooth/host/libsubsys__bluetooth__host.a(gatt.c.obj)
 .text.gatt_notify
                0x000000000100e01c       0xd0 zephyr/subsys/bluetooth/host/libsubsys__bluetooth__host.a(gatt.c.obj)
 .text.notify_cb
                0x000000000100e0ec      0x114 zephyr/subsys/bluetooth/host/libsubsys__bluetooth__host.a(gatt.c.obj)
 .text.bt_gatt_connected
                0x000000000100e200       0x54 zephyr/subsys/bluetooth/host/libsubsys__bluetooth__host.a(gatt.c.obj)
                0x000000000100e200                bt_gatt_connected
 .text.bt_gatt_att_max_mtu_changed
                0x000000000100e254       0x28 zephyr/subsys/bluetooth/host/libsubsys__bluetooth__host.a(gatt.c.obj)
                0x000000000100e254                bt_gatt_att_max_mtu_changed
 .text.bt_gatt_disconnected
                0x000000000100e27c       0x4c zephyr/subsys/bluetooth/host/libsubsys__bluetooth__host.a(gatt.c.obj)
                0x000000000100e27c                bt_gatt_disconnected
 .text.bt_smp_accept
                0x000000000100e2c8       0x7c zephyr/subsys/bluetooth/host/libsubsys__bluetooth__host.a(smp_null.c.obj)
 .text.mem_init
                0x000000000100e344       0x48 zephyr/subsys/bluetooth/controller/libsubsys__bluetooth__controller.a(mem.c.obj)
                0x000000000100e344                mem_init
 .text.mem_acquire
                0x000000000100e38c       0x28 zephyr/subsys/bluetooth/controller/libsubsys__bluetooth__controller.a(mem.c.obj)
                0x000000000100e38c                mem_acquire
 .text.mem_release
                0x000000000100e3b4       0x28 zephyr/subsys/bluetooth/controller/libsubsys__bluetooth__controller.a(mem.c.obj)
                0x000000000100e3b4                mem_release
 .text.mem_get  0x000000000100e3dc        0x8 zephyr/subsys/bluetooth/controller/libsubsys__bluetooth__controller.a(mem.c.obj)
                0x000000000100e3dc                mem_get
 .text.mem_index_get
                0x000000000100e3e4        0xc zephyr/subsys/bluetooth/controller/libsubsys__bluetooth__controller.a(mem.c.obj)
                0x000000000100e3e4                mem_index_get
 .text.mem_rcopy
                0x000000000100e3f0       0x1c zephyr/subsys/bluetooth/controller/libsubsys__bluetooth__controller.a(mem.c.obj)
                0x000000000100e3f0                mem_rcopy
 .text.mem_nz   0x000000000100e40c       0x18 zephyr/subsys/bluetooth/controller/libsubsys__bluetooth__controller.a(mem.c.obj)
                0x000000000100e40c                mem_nz
 .text.memq_init
                0x000000000100e424        0x8 zephyr/subsys/bluetooth/controller/libsubsys__bluetooth__controller.a(memq.c.obj)
                0x000000000100e424                memq_init
 .text.memq_deinit
                0x000000000100e42c       0x14 zephyr/subsys/bluetooth/controller/libsubsys__bluetooth__controller.a(memq.c.obj)
                0x000000000100e42c                memq_deinit
 .text.memq_enqueue
                0x000000000100e440       0x14 zephyr/subsys/bluetooth/controller/libsubsys__bluetooth__controller.a(memq.c.obj)
                0x000000000100e440                memq_enqueue
 .text.memq_peek
                0x000000000100e454       0x10 zephyr/subsys/bluetooth/controller/libsubsys__bluetooth__controller.a(memq.c.obj)
                0x000000000100e454                memq_peek
 .text.memq_dequeue
                0x000000000100e464       0x20 zephyr/subsys/bluetooth/controller/libsubsys__bluetooth__controller.a(memq.c.obj)
                0x000000000100e464                memq_dequeue
 .text.mayfly_init
                0x000000000100e484       0x44 zephyr/subsys/bluetooth/controller/libsubsys__bluetooth__controller.a(mayfly.c.obj)
                0x000000000100e484                mayfly_init
 .text.mayfly_enable
                0x000000000100e4c8       0x68 zephyr/subsys/bluetooth/controller/libsubsys__bluetooth__controller.a(mayfly.c.obj)
                0x000000000100e4c8                mayfly_enable
 .text.mayfly_enqueue
                0x000000000100e530       0xbc zephyr/subsys/bluetooth/controller/libsubsys__bluetooth__controller.a(mayfly.c.obj)
                0x000000000100e530                mayfly_enqueue
 .text.mayfly_run
                0x000000000100e5ec      0x178 zephyr/subsys/bluetooth/controller/libsubsys__bluetooth__controller.a(mayfly.c.obj)
                0x000000000100e5ec                mayfly_run
 .text.util_ones_count_get
                0x000000000100e764       0x2c zephyr/subsys/bluetooth/controller/libsubsys__bluetooth__controller.a(util.c.obj)
                0x000000000100e764                util_ones_count_get
 .text.util_aa_le32
                0x000000000100e790      0x14c zephyr/subsys/bluetooth/controller/libsubsys__bluetooth__controller.a(util.c.obj)
                0x000000000100e790                util_aa_le32
 .text.ticker_dequeue
                0x000000000100e8dc       0x70 zephyr/subsys/bluetooth/controller/libsubsys__bluetooth__controller.a(ticker.c.obj)
 .text.ticks_to_expire_prep
                0x000000000100e94c       0x48 zephyr/subsys/bluetooth/controller/libsubsys__bluetooth__controller.a(ticker.c.obj)
 .text.start_us.constprop.0
                0x000000000100e994       0xa0 zephyr/subsys/bluetooth/controller/libsubsys__bluetooth__controller.a(ticker.c.obj)
 .text.ticker_job_list_insert
                0x000000000100ea34      0x210 zephyr/subsys/bluetooth/controller/libsubsys__bluetooth__controller.a(ticker.c.obj)
 .text.ticker_worker
                0x000000000100ec44      0x384 zephyr/subsys/bluetooth/controller/libsubsys__bluetooth__controller.a(ticker.c.obj)
                0x000000000100ec44                ticker_worker
 .text.ticker_job
                0x000000000100efc8      0xb68 zephyr/subsys/bluetooth/controller/libsubsys__bluetooth__controller.a(ticker.c.obj)
                0x000000000100efc8                ticker_job
 .text.ticker_init
                0x000000000100fb30       0x68 zephyr/subsys/bluetooth/controller/libsubsys__bluetooth__controller.a(ticker.c.obj)
                0x000000000100fb30                ticker_init
 .text.ticker_trigger
                0x000000000100fb98       0x24 zephyr/subsys/bluetooth/controller/libsubsys__bluetooth__controller.a(ticker.c.obj)
                0x000000000100fb98                ticker_trigger
 .text.ticker_start
                0x000000000100fbbc       0x40 zephyr/subsys/bluetooth/controller/libsubsys__bluetooth__controller.a(ticker.c.obj)
                0x000000000100fbbc                ticker_start
 .text.ticker_start_us
                0x000000000100fbfc       0x30 zephyr/subsys/bluetooth/controller/libsubsys__bluetooth__controller.a(ticker.c.obj)
                0x000000000100fbfc                ticker_start_us
 .text.ticker_start_ext
                0x000000000100fc2c       0x10 zephyr/subsys/bluetooth/controller/libsubsys__bluetooth__controller.a(ticker.c.obj)
                0x000000000100fc2c                ticker_start_ext
 .text.ticker_update_ext
                0x000000000100fc3c       0xa0 zephyr/subsys/bluetooth/controller/libsubsys__bluetooth__controller.a(ticker.c.obj)
                0x000000000100fc3c                ticker_update_ext
 .text.ticker_update
                0x000000000100fcdc       0x38 zephyr/subsys/bluetooth/controller/libsubsys__bluetooth__controller.a(ticker.c.obj)
                0x000000000100fcdc                ticker_update
 .text.ticker_stop
                0x000000000100fd14       0x78 zephyr/subsys/bluetooth/controller/libsubsys__bluetooth__controller.a(ticker.c.obj)
                0x000000000100fd14                ticker_stop
 .text.ticker_stop_abs
                0x000000000100fd8c       0x7c zephyr/subsys/bluetooth/controller/libsubsys__bluetooth__controller.a(ticker.c.obj)
                0x000000000100fd8c                ticker_stop_abs
 .text.ticker_next_slot_get_ext
                0x000000000100fe08       0x8c zephyr/subsys/bluetooth/controller/libsubsys__bluetooth__controller.a(ticker.c.obj)
                0x000000000100fe08                ticker_next_slot_get_ext
 .text.ticker_job_sched
                0x000000000100fe94       0x24 zephyr/subsys/bluetooth/controller/libsubsys__bluetooth__controller.a(ticker.c.obj)
                0x000000000100fe94                ticker_job_sched
 .text.ticker_ticks_now_get
                0x000000000100feb8        0x4 zephyr/subsys/bluetooth/controller/libsubsys__bluetooth__controller.a(ticker.c.obj)
                0x000000000100feb8                ticker_ticks_now_get
 .text.ticker_ticks_diff_get
                0x000000000100febc        0x8 zephyr/subsys/bluetooth/controller/libsubsys__bluetooth__controller.a(ticker.c.obj)
                0x000000000100febc                ticker_ticks_diff_get
 .text.ll_feat_get
                0x000000000100fec4        0xc zephyr/subsys/bluetooth/controller/libsubsys__bluetooth__controller.a(ll_feat.c.obj)
                0x000000000100fec4                ll_feat_get
 .text.ll_tx_pwr_lvl_get
                0x000000000100fed0       0x24 zephyr/subsys/bluetooth/controller/libsubsys__bluetooth__controller.a(ll_tx_pwr.c.obj)
                0x000000000100fed0                ll_tx_pwr_lvl_get
 .text.ll_tx_pwr_get
                0x000000000100fef4        0x8 zephyr/subsys/bluetooth/controller/libsubsys__bluetooth__controller.a(ll_tx_pwr.c.obj)
                0x000000000100fef4                ll_tx_pwr_get
 .text.ll_addr_set
                0x000000000100fefc       0x44 zephyr/subsys/bluetooth/controller/libsubsys__bluetooth__controller.a(ll_addr.c.obj)
                0x000000000100fefc                ll_addr_set
 .text.ll_addr_get
                0x000000000100ff40       0x20 zephyr/subsys/bluetooth/controller/libsubsys__bluetooth__controller.a(ll_addr.c.obj)
                0x000000000100ff40                ll_addr_get
 .text.ll_addr_read
                0x000000000100ff60       0x28 zephyr/subsys/bluetooth/controller/libsubsys__bluetooth__controller.a(ll_addr.c.obj)
                0x000000000100ff60                ll_addr_read
 .text.perform_lll_reset
                0x000000000100ff88       0xd0 zephyr/subsys/bluetooth/controller/libsubsys__bluetooth__controller.a(ull.c.obj)
 .text.ull_ticker_status_give
                0x0000000001010058        0xc zephyr/subsys/bluetooth/controller/libsubsys__bluetooth__controller.a(ull.c.obj)
                0x0000000001010058                ull_ticker_status_give
 .text.disabled_cb
                0x0000000001010064        0x4 zephyr/subsys/bluetooth/controller/libsubsys__bluetooth__controller.a(ull.c.obj)
 .text.tx_cmplt_get
                0x0000000001010068       0xb0 zephyr/subsys/bluetooth/controller/libsubsys__bluetooth__controller.a(ull.c.obj)
 .text.rx_replenish
                0x0000000001010118       0xf8 zephyr/subsys/bluetooth/controller/libsubsys__bluetooth__controller.a(ull.c.obj)
 .text.init_reset
                0x0000000001010210      0x134 zephyr/subsys/bluetooth/controller/libsubsys__bluetooth__controller.a(ull.c.obj)
 .text.rx_demux
                0x0000000001010344      0x2bc zephyr/subsys/bluetooth/controller/libsubsys__bluetooth__controller.a(ull.c.obj)
 .text.ll_init  0x0000000001010600       0xec zephyr/subsys/bluetooth/controller/libsubsys__bluetooth__controller.a(ull.c.obj)
                0x0000000001010600                ll_init
 .text.ll_reset
                0x00000000010106ec      0x16c zephyr/subsys/bluetooth/controller/libsubsys__bluetooth__controller.a(ull.c.obj)
                0x00000000010106ec                ll_reset
 .text.ll_deinit
                0x0000000001010858       0x10 zephyr/subsys/bluetooth/controller/libsubsys__bluetooth__controller.a(ull.c.obj)
                0x0000000001010858                ll_deinit
 .text.ll_rx_get
                0x0000000001010868      0x104 zephyr/subsys/bluetooth/controller/libsubsys__bluetooth__controller.a(ull.c.obj)
                0x0000000001010868                ll_rx_get
 .text.ll_rx_dequeue
                0x000000000101096c      0x184 zephyr/subsys/bluetooth/controller/libsubsys__bluetooth__controller.a(ull.c.obj)
                0x000000000101096c                ll_rx_dequeue
 .text.ll_rx_mem_release
                0x0000000001010af0      0x19c zephyr/subsys/bluetooth/controller/libsubsys__bluetooth__controller.a(ull.c.obj)
                0x0000000001010af0                ll_rx_mem_release
 .text.ll_rx_link_alloc
                0x0000000001010c8c        0xc zephyr/subsys/bluetooth/controller/libsubsys__bluetooth__controller.a(ull.c.obj)
                0x0000000001010c8c                ll_rx_link_alloc
 .text.ll_rx_link_release
                0x0000000001010c98        0xc zephyr/subsys/bluetooth/controller/libsubsys__bluetooth__controller.a(ull.c.obj)
                0x0000000001010c98                ll_rx_link_release
 .text.ll_rx_alloc
                0x0000000001010ca4        0xc zephyr/subsys/bluetooth/controller/libsubsys__bluetooth__controller.a(ull.c.obj)
                0x0000000001010ca4                ll_rx_alloc
 .text.ll_rx_release
                0x0000000001010cb0        0xc zephyr/subsys/bluetooth/controller/libsubsys__bluetooth__controller.a(ull.c.obj)
                0x0000000001010cb0                ll_rx_release
 .text.ll_rx_put
                0x0000000001010cbc       0x18 zephyr/subsys/bluetooth/controller/libsubsys__bluetooth__controller.a(ull.c.obj)
                0x0000000001010cbc                ll_rx_put
 .text.ll_rx_put_sched
                0x0000000001010cd4       0x28 zephyr/subsys/bluetooth/controller/libsubsys__bluetooth__controller.a(ull.c.obj)
                0x0000000001010cd4                ll_rx_put_sched
 .text.ll_pdu_rx_alloc_peek
                0x0000000001010cfc       0x34 zephyr/subsys/bluetooth/controller/libsubsys__bluetooth__controller.a(ull.c.obj)
                0x0000000001010cfc                ll_pdu_rx_alloc_peek
 .text.ll_pdu_rx_alloc
                0x0000000001010d30       0x24 zephyr/subsys/bluetooth/controller/libsubsys__bluetooth__controller.a(ull.c.obj)
                0x0000000001010d30                ll_pdu_rx_alloc
 .text.ll_tx_ack_put
                0x0000000001010d54       0x60 zephyr/subsys/bluetooth/controller/libsubsys__bluetooth__controller.a(ull.c.obj)
                0x0000000001010d54                ll_tx_ack_put
 .text.ull_ticker_status_take
                0x0000000001010db4       0x24 zephyr/subsys/bluetooth/controller/libsubsys__bluetooth__controller.a(ull.c.obj)
                0x0000000001010db4                ull_ticker_status_take
 .text.ull_disable_mark
                0x0000000001010dd8       0x18 zephyr/subsys/bluetooth/controller/libsubsys__bluetooth__controller.a(ull.c.obj)
                0x0000000001010dd8                ull_disable_mark
 .text.ull_disable_unmark
                0x0000000001010df0       0x18 zephyr/subsys/bluetooth/controller/libsubsys__bluetooth__controller.a(ull.c.obj)
                0x0000000001010df0                ull_disable_unmark
 .text.ull_disable_mark_get
                0x0000000001010e08        0xc zephyr/subsys/bluetooth/controller/libsubsys__bluetooth__controller.a(ull.c.obj)
                0x0000000001010e08                ull_disable_mark_get
 .text.ull_update_mark
                0x0000000001010e14       0x18 zephyr/subsys/bluetooth/controller/libsubsys__bluetooth__controller.a(ull.c.obj)
                0x0000000001010e14                ull_update_mark
 .text.ull_update_unmark
                0x0000000001010e2c       0x18 zephyr/subsys/bluetooth/controller/libsubsys__bluetooth__controller.a(ull.c.obj)
                0x0000000001010e2c                ull_update_unmark
 .text.ull_update_mark_get
                0x0000000001010e44        0xc zephyr/subsys/bluetooth/controller/libsubsys__bluetooth__controller.a(ull.c.obj)
                0x0000000001010e44                ull_update_mark_get
 .text.ull_disable
                0x0000000001010e50       0x7c zephyr/subsys/bluetooth/controller/libsubsys__bluetooth__controller.a(ull.c.obj)
                0x0000000001010e50                ull_disable
 .text.ull_ticker_stop_with_mark
                0x0000000001010ecc       0xa4 zephyr/subsys/bluetooth/controller/libsubsys__bluetooth__controller.a(ull.c.obj)
                0x0000000001010ecc                ull_ticker_stop_with_mark
 .text.ull_pdu_rx_alloc_peek
                0x0000000001010f70       0x34 zephyr/subsys/bluetooth/controller/libsubsys__bluetooth__controller.a(ull.c.obj)
                0x0000000001010f70                ull_pdu_rx_alloc_peek
 .text.ull_pdu_rx_alloc
                0x0000000001010fa4       0x24 zephyr/subsys/bluetooth/controller/libsubsys__bluetooth__controller.a(ull.c.obj)
                0x0000000001010fa4                ull_pdu_rx_alloc
 .text.ull_rx_put
                0x0000000001010fc8       0x20 zephyr/subsys/bluetooth/controller/libsubsys__bluetooth__controller.a(ull.c.obj)
                0x0000000001010fc8                ull_rx_put
 .text.ull_rx_sched
                0x0000000001010fe8       0x10 zephyr/subsys/bluetooth/controller/libsubsys__bluetooth__controller.a(ull.c.obj)
                0x0000000001010fe8                ull_rx_sched
 .text.ull_rx_put_sched
                0x0000000001010ff8       0x30 zephyr/subsys/bluetooth/controller/libsubsys__bluetooth__controller.a(ull.c.obj)
                0x0000000001010ff8                ull_rx_put_sched
 .text.ull_prepare_enqueue
                0x0000000001011028       0x74 zephyr/subsys/bluetooth/controller/libsubsys__bluetooth__controller.a(ull.c.obj)
                0x0000000001011028                ull_prepare_enqueue
 .text.ull_prepare_dequeue_get
                0x000000000101109c       0x1c zephyr/subsys/bluetooth/controller/libsubsys__bluetooth__controller.a(ull.c.obj)
                0x000000000101109c                ull_prepare_dequeue_get
 .text.ull_prepare_dequeue_iter
                0x00000000010110b8       0x38 zephyr/subsys/bluetooth/controller/libsubsys__bluetooth__controller.a(ull.c.obj)
                0x00000000010110b8                ull_prepare_dequeue_iter
 .text.ull_prepare_dequeue
                0x00000000010110f0      0x130 zephyr/subsys/bluetooth/controller/libsubsys__bluetooth__controller.a(ull.c.obj)
                0x00000000010110f0                ull_prepare_dequeue
 .text.ull_event_done_extra_get
                0x0000000001011220       0x1c zephyr/subsys/bluetooth/controller/libsubsys__bluetooth__controller.a(ull.c.obj)
                0x0000000001011220                ull_event_done_extra_get
 .text.ull_event_done
                0x000000000101123c       0x5c zephyr/subsys/bluetooth/controller/libsubsys__bluetooth__controller.a(ull.c.obj)
                0x000000000101123c                ull_event_done
 .text.lll_prepare
                0x0000000001011298       0x14 zephyr/subsys/bluetooth/controller/libsubsys__bluetooth__controller.a(lll_common.c.obj)
                0x0000000001011298                lll_prepare
 .text.lll_resume
                0x00000000010112ac       0x50 zephyr/subsys/bluetooth/controller/libsubsys__bluetooth__controller.a(lll_common.c.obj)
                0x00000000010112ac                lll_resume
 .text.hci_driver_close
                0x00000000010112fc       0x50 zephyr/subsys/bluetooth/controller/libsubsys__bluetooth__controller.a(hci_driver.c.obj)
 .text.recv_thread
                0x000000000101134c      0x1a8 zephyr/subsys/bluetooth/controller/libsubsys__bluetooth__controller.a(hci_driver.c.obj)
 .text.hci_driver_open
                0x00000000010114f4      0x108 zephyr/subsys/bluetooth/controller/libsubsys__bluetooth__controller.a(hci_driver.c.obj)
 .text.bt_recv_prio.isra.0
                0x00000000010115fc       0x18 zephyr/subsys/bluetooth/controller/libsubsys__bluetooth__controller.a(hci_driver.c.obj)
 .text.prio_recv_thread
                0x0000000001011614      0x1ac zephyr/subsys/bluetooth/controller/libsubsys__bluetooth__controller.a(hci_driver.c.obj)
 .text.hci_driver_send
                0x00000000010117c0      0x194 zephyr/subsys/bluetooth/controller/libsubsys__bluetooth__controller.a(hci_driver.c.obj)
 .text.hci_recv_fifo_reset
                0x0000000001011954       0x20 zephyr/subsys/bluetooth/controller/libsubsys__bluetooth__controller.a(hci_driver.c.obj)
                0x0000000001011954                hci_recv_fifo_reset
 .text.dup_found.constprop.0
                0x0000000001011974       0xb8 zephyr/subsys/bluetooth/controller/libsubsys__bluetooth__controller.a(hci.c.obj)
 .text.le_remote_feat_complete
                0x0000000001011a2c       0x74 zephyr/subsys/bluetooth/controller/libsubsys__bluetooth__controller.a(hci.c.obj)
 .text.hci_vendor_cmd_handle_common
                0x0000000001011aa0      0x198 zephyr/subsys/bluetooth/controller/libsubsys__bluetooth__controller.a(hci.c.obj)
                0x0000000001011aa0                hci_vendor_cmd_handle_common
 .text.hci_cmd_handle
                0x0000000001011c38      0x894 zephyr/subsys/bluetooth/controller/libsubsys__bluetooth__controller.a(hci.c.obj)
                0x0000000001011c38                hci_cmd_handle
 .text.hci_acl_handle
                0x00000000010124cc      0x10c zephyr/subsys/bluetooth/controller/libsubsys__bluetooth__controller.a(hci.c.obj)
                0x00000000010124cc                hci_acl_handle
 .text.hci_disconn_complete_encode
                0x00000000010125d8       0x40 zephyr/subsys/bluetooth/controller/libsubsys__bluetooth__controller.a(hci.c.obj)
                0x00000000010125d8                hci_disconn_complete_encode
 .text.hci_disconn_complete_process
                0x0000000001012618       0x10 zephyr/subsys/bluetooth/controller/libsubsys__bluetooth__controller.a(hci.c.obj)
                0x0000000001012618                hci_disconn_complete_process
 .text.hci_acl_encode
                0x0000000001012628       0x7c zephyr/subsys/bluetooth/controller/libsubsys__bluetooth__controller.a(hci.c.obj)
                0x0000000001012628                hci_acl_encode
 .text.hci_evt_encode
                0x00000000010126a4      0x728 zephyr/subsys/bluetooth/controller/libsubsys__bluetooth__controller.a(hci.c.obj)
                0x00000000010126a4                hci_evt_encode
 .text.hci_num_cmplt_encode
                0x0000000001012dcc       0x30 zephyr/subsys/bluetooth/controller/libsubsys__bluetooth__controller.a(hci.c.obj)
                0x0000000001012dcc                hci_num_cmplt_encode
 .text.hci_get_class
                0x0000000001012dfc       0x2c zephyr/subsys/bluetooth/controller/libsubsys__bluetooth__controller.a(hci.c.obj)
                0x0000000001012dfc                hci_get_class
 .text.hci_init
                0x0000000001012e28       0x4c zephyr/subsys/bluetooth/controller/libsubsys__bluetooth__controller.a(hci.c.obj)
                0x0000000001012e28                hci_init
 .text.ticker_stop_cb
                0x0000000001012e74       0x8c zephyr/subsys/bluetooth/controller/libsubsys__bluetooth__controller.a(ull_adv.c.obj)
 .text.disabled_cb
                0x0000000001012f00       0xa0 zephyr/subsys/bluetooth/controller/libsubsys__bluetooth__controller.a(ull_adv.c.obj)
 .text.ticker_stop_op_cb
                0x0000000001012fa0       0x48 zephyr/subsys/bluetooth/controller/libsubsys__bluetooth__controller.a(ull_adv.c.obj)
 .text.adv_disable
                0x0000000001012fe8       0x8c zephyr/subsys/bluetooth/controller/libsubsys__bluetooth__controller.a(ull_adv.c.obj)
 .text.ticker_update_op_cb
                0x0000000001013074       0x64 zephyr/subsys/bluetooth/controller/libsubsys__bluetooth__controller.a(ull_adv.c.obj)
 .text.init_set.constprop.0
                0x00000000010130d8       0x4c zephyr/subsys/bluetooth/controller/libsubsys__bluetooth__controller.a(ull_adv.c.obj)
 .text.conn_release.constprop.0
                0x0000000001013124       0x88 zephyr/subsys/bluetooth/controller/libsubsys__bluetooth__controller.a(ull_adv.c.obj)
 .text.disable.constprop.0
                0x00000000010131ac      0x15c zephyr/subsys/bluetooth/controller/libsubsys__bluetooth__controller.a(ull_adv.c.obj)
 .text.adv_time_get.constprop.0.isra.0
                0x0000000001013308       0x78 zephyr/subsys/bluetooth/controller/libsubsys__bluetooth__controller.a(ull_adv.c.obj)
 .text.ticker_cb
                0x0000000001013380      0x14c zephyr/subsys/bluetooth/controller/libsubsys__bluetooth__controller.a(ull_adv.c.obj)
 .text.ll_adv_params_set
                0x00000000010134cc      0x1dc zephyr/subsys/bluetooth/controller/libsubsys__bluetooth__controller.a(ull_adv.c.obj)
                0x00000000010134cc                ll_adv_params_set
 .text.ull_adv_init
                0x00000000010136a8       0x20 zephyr/subsys/bluetooth/controller/libsubsys__bluetooth__controller.a(ull_adv.c.obj)
                0x00000000010136a8                ull_adv_init
 .text.ull_adv_reset
                0x00000000010136c8        0xc zephyr/subsys/bluetooth/controller/libsubsys__bluetooth__controller.a(ull_adv.c.obj)
                0x00000000010136c8                ull_adv_reset
 .text.ull_adv_reset_finalize
                0x00000000010136d4       0x2c zephyr/subsys/bluetooth/controller/libsubsys__bluetooth__controller.a(ull_adv.c.obj)
                0x00000000010136d4                ull_adv_reset_finalize
 .text.ull_adv_handle_get
                0x0000000001013700       0x1c zephyr/subsys/bluetooth/controller/libsubsys__bluetooth__controller.a(ull_adv.c.obj)
                0x0000000001013700                ull_adv_handle_get
 .text.ull_adv_lll_handle_get
                0x000000000101371c       0x1c zephyr/subsys/bluetooth/controller/libsubsys__bluetooth__controller.a(ull_adv.c.obj)
                0x000000000101371c                ull_adv_lll_handle_get
 .text.ull_adv_is_enabled
                0x0000000001013738       0x18 zephyr/subsys/bluetooth/controller/libsubsys__bluetooth__controller.a(ull_adv.c.obj)
                0x0000000001013738                ull_adv_is_enabled
 .text.ull_adv_data_set
                0x0000000001013750       0xd4 zephyr/subsys/bluetooth/controller/libsubsys__bluetooth__controller.a(ull_adv.c.obj)
                0x0000000001013750                ull_adv_data_set
 .text.ll_adv_data_set
                0x0000000001013824       0x10 zephyr/subsys/bluetooth/controller/libsubsys__bluetooth__controller.a(ull_adv.c.obj)
                0x0000000001013824                ll_adv_data_set
 .text.ull_scan_rsp_set
                0x0000000001013834       0xcc zephyr/subsys/bluetooth/controller/libsubsys__bluetooth__controller.a(ull_adv.c.obj)
                0x0000000001013834                ull_scan_rsp_set
 .text.ll_adv_scan_rsp_set
                0x0000000001013900       0x10 zephyr/subsys/bluetooth/controller/libsubsys__bluetooth__controller.a(ull_adv.c.obj)
                0x0000000001013900                ll_adv_scan_rsp_set
 .text.ticker_cb
                0x0000000001013910       0x98 zephyr/subsys/bluetooth/controller/libsubsys__bluetooth__controller.a(ull_scan.c.obj)
 .text.ull_scan_init
                0x00000000010139a8        0x4 zephyr/subsys/bluetooth/controller/libsubsys__bluetooth__controller.a(ull_scan.c.obj)
                0x00000000010139a8                ull_scan_init
 .text.ull_scan_disable
                0x00000000010139ac       0x5c zephyr/subsys/bluetooth/controller/libsubsys__bluetooth__controller.a(ull_scan.c.obj)
                0x00000000010139ac                ull_scan_disable
 .text.ll_scan_enable
                0x0000000001013a08       0x58 zephyr/subsys/bluetooth/controller/libsubsys__bluetooth__controller.a(ull_scan.c.obj)
                0x0000000001013a08                ll_scan_enable
 .text.ull_scan_reset
                0x0000000001013a60       0x38 zephyr/subsys/bluetooth/controller/libsubsys__bluetooth__controller.a(ull_scan.c.obj)
                0x0000000001013a60                ull_scan_reset
 .text.ull_scan_handle_get
                0x0000000001013a98       0x18 zephyr/subsys/bluetooth/controller/libsubsys__bluetooth__controller.a(ull_scan.c.obj)
                0x0000000001013a98                ull_scan_handle_get
 .text.ull_scan_lll_handle_get
                0x0000000001013ab0       0x1c zephyr/subsys/bluetooth/controller/libsubsys__bluetooth__controller.a(ull_scan.c.obj)
                0x0000000001013ab0                ull_scan_lll_handle_get
 .text.ull_scan_is_enabled_get
                0x0000000001013acc       0x1c zephyr/subsys/bluetooth/controller/libsubsys__bluetooth__controller.a(ull_scan.c.obj)
                0x0000000001013acc                ull_scan_is_enabled_get
 .text.ull_scan_is_disabled_get
                0x0000000001013ae8       0x18 zephyr/subsys/bluetooth/controller/libsubsys__bluetooth__controller.a(ull_scan.c.obj)
                0x0000000001013ae8                ull_scan_is_disabled_get
 .text.ull_scan_is_enabled
                0x0000000001013b00       0x34 zephyr/subsys/bluetooth/controller/libsubsys__bluetooth__controller.a(ull_scan.c.obj)
                0x0000000001013b00                ull_scan_is_enabled
 .text.init_reset
                0x0000000001013b34       0x5c zephyr/subsys/bluetooth/controller/libsubsys__bluetooth__controller.a(ull_conn.c.obj)
 .text.tx_lll_flush
                0x0000000001013b90       0xec zephyr/subsys/bluetooth/controller/libsubsys__bluetooth__controller.a(ull_conn.c.obj)
 .text.ticker_stop_op_cb
                0x0000000001013c7c       0x6c zephyr/subsys/bluetooth/controller/libsubsys__bluetooth__controller.a(ull_conn.c.obj)
 .text.disabled_cb
                0x0000000001013ce8       0x48 zephyr/subsys/bluetooth/controller/libsubsys__bluetooth__controller.a(ull_conn.c.obj)
 .text.conn_disable
                0x0000000001013d30       0x8c zephyr/subsys/bluetooth/controller/libsubsys__bluetooth__controller.a(ull_conn.c.obj)
 .text.conn_setup_adv_scan_disabled_cb
                0x0000000001013dbc       0x18 zephyr/subsys/bluetooth/controller/libsubsys__bluetooth__controller.a(ull_conn.c.obj)
 .text.ticker_update_conn_op_cb
                0x0000000001013dd4       0x44 zephyr/subsys/bluetooth/controller/libsubsys__bluetooth__controller.a(ull_conn.c.obj)
 .text.ticker_start_conn_op_cb
                0x0000000001013e18       0x60 zephyr/subsys/bluetooth/controller/libsubsys__bluetooth__controller.a(ull_conn.c.obj)
 .text.ticker_stop_conn_op_cb
                0x0000000001013e78       0x60 zephyr/subsys/bluetooth/controller/libsubsys__bluetooth__controller.a(ull_conn.c.obj)
 .text.ll_conn_acquire
                0x0000000001013ed8        0xc zephyr/subsys/bluetooth/controller/libsubsys__bluetooth__controller.a(ull_conn.c.obj)
                0x0000000001013ed8                ll_conn_acquire
 .text.ll_conn_release
                0x0000000001013ee4        0xc zephyr/subsys/bluetooth/controller/libsubsys__bluetooth__controller.a(ull_conn.c.obj)
                0x0000000001013ee4                ll_conn_release
 .text.ll_conn_handle_get
                0x0000000001013ef0       0x10 zephyr/subsys/bluetooth/controller/libsubsys__bluetooth__controller.a(ull_conn.c.obj)
                0x0000000001013ef0                ll_conn_handle_get
 .text.ll_conn_get
                0x0000000001013f00       0x10 zephyr/subsys/bluetooth/controller/libsubsys__bluetooth__controller.a(ull_conn.c.obj)
                0x0000000001013f00                ll_conn_get
 .text.ll_connected_get
                0x0000000001013f10       0x24 zephyr/subsys/bluetooth/controller/libsubsys__bluetooth__controller.a(ull_conn.c.obj)
                0x0000000001013f10                ll_connected_get
 .text.ll_tx_mem_acquire
                0x0000000001013f34        0xc zephyr/subsys/bluetooth/controller/libsubsys__bluetooth__controller.a(ull_conn.c.obj)
                0x0000000001013f34                ll_tx_mem_acquire
 .text.ll_tx_mem_release
                0x0000000001013f40        0xc zephyr/subsys/bluetooth/controller/libsubsys__bluetooth__controller.a(ull_conn.c.obj)
                0x0000000001013f40                ll_tx_mem_release
 .text.ll_tx_mem_enqueue
                0x0000000001013f4c       0x90 zephyr/subsys/bluetooth/controller/libsubsys__bluetooth__controller.a(ull_conn.c.obj)
                0x0000000001013f4c                ll_tx_mem_enqueue
 .text.ll_conn_update
                0x0000000001013fdc       0x88 zephyr/subsys/bluetooth/controller/libsubsys__bluetooth__controller.a(ull_conn.c.obj)
                0x0000000001013fdc                ll_conn_update
 .text.ll_chm_get
                0x0000000001014064       0x44 zephyr/subsys/bluetooth/controller/libsubsys__bluetooth__controller.a(ull_conn.c.obj)
                0x0000000001014064                ll_chm_get
 .text.ll_terminate_ind_send